Component: Arm Compiler for Embedded 6.22 Tool: armlink [5ee90200]

==============================================================================

Section Cross References

    main.o(.text.main) refers to systick_delay.o(.text.SysTick_Delay_Init) for SysTick_Delay_Init
    main.o(.text.main) refers to systick_delay.o(.text.SysTick_Delay1ms) for SysTick_Delay1ms
    main.o(.text.main) refers to display.o(.text.Display_Init) for Display_Init
    main.o(.text.main) refers to clock.o(.text.Clock_Init) for Clock_Init
    main.o(.text.main) refers to alarm.o(.text.Alarm_Init) for Alarm_Init
    main.o(.text.main) refers to buttons.o(.text.Buttons_Init) for Buttons_Init
    main.o(.text.main) refers to gpio.o(.text.EduBase_LEDs_Init) for EduBase_LEDs_Init
    main.o(.text.main) refers to adc.o(.text.ADC_Init) for ADC_Init
    main.o(.text.main) refers to timer.o(.text.Timer0A_Init_1Hz) for Timer0A_Init_1Hz
    main.o(.text.main) refers to main.o(.data.time_set_mode) for time_set_mode
    main.o(.text.main) refers to edubase_lcd.o(.text.EduBase_LCD_Set_Cursor) for EduBase_LCD_Set_Cursor
    main.o(.text.main) refers to main.o(.rodata.str1.1) for .L.str
    main.o(.text.main) refers to edubase_lcd.o(.text.EduBase_LCD_Display_String) for EduBase_LCD_Display_String
    main.o(.text.main) refers to main.o(.bss.temp_hour) for temp_hour
    main.o(.text.main) refers to main.o(.bss.temp_minute) for temp_minute
    main.o(.text.main) refers to sprintf.o(.text) for sprintf
    main.o(.text.main) refers to buttons.o(.text.Button_HasEvent) for Button_HasEvent
    main.o(.text.main) refers to buttons.o(.text.Button_GetEvent) for Button_GetEvent
    main.o(.text.main) refers to clock.o(.text.Clock_Set_Time) for Clock_Set_Time
    main.o(.text.main) refers to clock.o(.bss.update_display_flag) for update_display_flag
    main.o(.text.main) refers to main.o(.bss.lcd_message_timer) for lcd_message_timer
    main.o(.text.main) refers to clock.o(.text.Clock_Get_Hour) for Clock_Get_Hour
    main.o(.text.main) refers to clock.o(.text.Clock_Get_Minute) for Clock_Get_Minute
    main.o(.text.main) refers to clock.o(.text.Clock_Get_Second) for Clock_Get_Second
    main.o(.text.main) refers to display.o(.text.Display_UpdateTime) for Display_UpdateTime
    main.o(.text.main) refers to main.o(.bss.snooze_mode) for snooze_mode
    main.o(.text.main) refers to main.o(.bss.led_flash_timer) for led_flash_timer
    main.o(.text.main) refers to gpio.o(.text.EduBase_LEDs_Output) for EduBase_LEDs_Output
    main.o(.text.main) refers to main.o(.data.snooze_countdown) for snooze_countdown
    main.o(.text.main) refers to clock.o(.text.Clock_Alarm_Is_Enabled) for Clock_Alarm_Is_Enabled
    main.o(.text.main) refers to clock.o(.bss.alarm_hour) for alarm_hour
    main.o(.text.main) refers to clock.o(.bss.alarm_minute) for alarm_minute
    main.o(.text.main) refers to clock.o(.bss.alarm_second) for alarm_second
    main.o(.text.main) refers to main.o(.bss.alarm_triggered_flag) for alarm_triggered_flag
    main.o(.text.main) refers to clock.o(.text.Alarm_Add_Minute) for Alarm_Add_Minute
    main.o(.text.main) refers to clock.o(.text.Clock_Toggle_Alarm) for Clock_Toggle_Alarm
    main.o(.text.main) refers to main.o(.bss.adc_buffer) for adc_buffer
    main.o(.text.main) refers to adc.o(.text.ADC_Sample) for ADC_Sample
    main.o(.text.main) refers to dcmp.o(x$fpl$fcmp) for __aeabi_dcmpge
    main.o(.text.main) refers to alarm.o(.text.Alarm_Off) for Alarm_Off
    main.o(.ARM.exidx.text.main) refers to main.o(.text.main) for [Anonymous Symbol]
    clock.o(.text.Clock_Init) refers to clock.o(.bss.hour) for hour
    clock.o(.text.Clock_Init) refers to clock.o(.bss.minute) for minute
    clock.o(.text.Clock_Init) refers to clock.o(.bss.second) for second
    clock.o(.text.Clock_Init) refers to clock.o(.bss.update_display_flag) for update_display_flag
    clock.o(.ARM.exidx.text.Clock_Init) refers to clock.o(.text.Clock_Init) for [Anonymous Symbol]
    clock.o(.text.Clock_Set_Time) refers to clock.o(.bss.hour) for hour
    clock.o(.text.Clock_Set_Time) refers to clock.o(.bss.minute) for minute
    clock.o(.text.Clock_Set_Time) refers to clock.o(.bss.second) for second
    clock.o(.text.Clock_Set_Time) refers to clock.o(.bss.update_display_flag) for update_display_flag
    clock.o(.ARM.exidx.text.Clock_Set_Time) refers to clock.o(.text.Clock_Set_Time) for [Anonymous Symbol]
    clock.o(.text.Clock_Tick) refers to clock.o(.bss.second) for second
    clock.o(.text.Clock_Tick) refers to clock.o(.bss.minute) for minute
    clock.o(.text.Clock_Tick) refers to clock.o(.bss.hour) for hour
    clock.o(.text.Clock_Tick) refers to clock.o(.text.Clock_Check_Alarm) for Clock_Check_Alarm
    clock.o(.text.Clock_Tick) refers to clock.o(.bss.update_display_flag) for update_display_flag
    clock.o(.ARM.exidx.text.Clock_Tick) refers to clock.o(.text.Clock_Tick) for [Anonymous Symbol]
    clock.o(.text.Clock_Check_Alarm) refers to clock.o(.data.alarm_enabled) for alarm_enabled
[...]
    .text                                    0x00000acc   Section      138  lludiv10.o(.text)
    .text                                    0x00000b56   Section        0  _printf_intcommon.o(.text)
    _fp_digits                               0x00000c09   Thumb Code   432  _printf_fp_dec.o(.text)
    .text                                    0x00000c08   Section        0  _printf_fp_dec.o(.text)
    .text                                    0x00001024   Section        0  _printf_fp_hex.o(.text)
    .text                                    0x00001320   Section        0  _printf_char.o(.text)
    .text                                    0x0000134c   Section        0  _printf_wchar.o(.text)
    .text                                    0x00001378   Section        0  _c16rtomb.o(.text)
    .text                                    0x000013c0   Section       74  sys_stackheap_outer.o(.text)
    .text                                    0x0000140c   Section       16  rt_ctype_table.o(.text)
    .text                                    0x0000141c   Section        8  rt_locale_intlibspace.o(.text)
    .text                                    0x00001424   Section        0  _printf_fp_infnan.o(.text)
    .text                                    0x000014a4   Section        0  bigflt0.o(.text)
    .text                                    0x00001588   Section        0  exit.o(.text)
    .text                                    0x0000159c   Section        8  libspace.o(.text)
    .text                                    0x000015a8   Section      124  strcmpv7em.o(.text)
    .text                                    0x00001624   Section        0  sys_exit.o(.text)
    .text                                    0x00001630   Section        2  use_no_semi.o(.text)
    .text                                    0x00001632   Section        0  indicate_semi.o(.text)
    [Anonymous Symbol]                       0x00001634   Section        0  adc.o(.text.ADC_Init)
    [Anonymous Symbol]                       0x000016f8   Section        0  adc.o(.text.ADC_Sample)
    [Anonymous Symbol]                       0x00001788   Section        0  clock.o(.text.Alarm_Add_Minute)
    [Anonymous Symbol]                       0x000017b4   Section        0  alarm.o(.text.Alarm_Init)
    [Anonymous Symbol]                       0x00001840   Section        0  alarm.o(.text.Alarm_Off)
    [Anonymous Symbol]                       0x00001864   Section        0  alarm.o(.text.Alarm_On)
    [Anonymous Symbol]                       0x000018ec   Section        0  buttons.o(.text.Button_GetEvent)
    [Anonymous Symbol]                       0x00001908   Section        0  buttons.o(.text.Button_HasEvent)
    [Anonymous Symbol]                       0x0000191c   Section        0  buttons.o(.text.Buttons_Init)
    [Anonymous Symbol]                       0x000019cc   Section        0  clock.o(.text.Clock_Alarm_Is_Enabled)
    [Anonymous Symbol]                       0x000019d8   Section        0  clock.o(.text.Clock_Check_Alarm)
    [Anonymous Symbol]                       0x00001a84   Section        0  clock.o(.text.Clock_Get_Hour)
    [Anonymous Symbol]                       0x00001a90   Section        0  clock.o(.text.Clock_Get_Minute)
    [Anonymous Symbol]                       0x00001a9c   Section        0  clock.o(.text.Clock_Get_Second)
    [Anonymous Symbol]                       0x00001aa8   Section        0  clock.o(.text.Clock_Init)
    [Anonymous Symbol]                       0x00001ad8   Section        0  clock.o(.text.Clock_Set_Time)
    [Anonymous Symbol]                       0x00001b5c   Section        0  clock.o(.text.Clock_Tick)
    [Anonymous Symbol]                       0x00001bec   Section        0  clock.o(.text.Clock_Toggle_Alarm)
    [Anonymous Symbol]                       0x00001c00   Section        0  display.o(.text.Display_Init)
    [Anonymous Symbol]                       0x00001c3c   Section        0  display.o(.text.Display_UpdateTime)
    [Anonymous Symbol]                       0x00001c8c   Section        0  edubase_lcd.o(.text.EduBase_LCD_Clear_Display)
    [Anonymous Symbol]                       0x00001c98   Section        0  edubase_lcd.o(.text.EduBase_LCD_Disable_Cursor)
    [Anonymous Symbol]                       0x00001cb8   Section        0  edubase_lcd.o(.text.EduBase_LCD_Disable_Cursor_Blink)
    [Anonymous Symbol]                       0x00001cd8   Section        0  edubase_lcd.o(.text.EduBase_LCD_Display_String)
    [Anonymous Symbol]                       0x00001d10   Section        0  edubase_lcd.o(.text.EduBase_LCD_Enable_Display)
    [Anonymous Symbol]                       0x00001d30   Section        0  edubase_lcd.o(.text.EduBase_LCD_Init)
    [Anonymous Symbol]                       0x00001d98   Section        0  edubase_lcd.o(.text.EduBase_LCD_Ports_Init)
    [Anonymous Symbol]                       0x00001e7c   Section        0  edubase_lcd.o(.text.EduBase_LCD_Pulse_Enable)
    [Anonymous Symbol]                       0x00001eb8   Section        0  edubase_lcd.o(.text.EduBase_LCD_Return_Home)
    [Anonymous Symbol]                       0x00001ec4   Section        0  edubase_lcd.o(.text.EduBase_LCD_Send_Command)
    [Anonymous Symbol]                       0x00001f0c   Section        0  edubase_lcd.o(.text.EduBase_LCD_Send_Data)
    [Anonymous Symbol]                       0x00001f38   Section        0  edubase_lcd.o(.text.EduBase_LCD_Set_Cursor)
    [Anonymous Symbol]                       0x00001f88   Section        0  edubase_lcd.o(.text.EduBase_LCD_Write_4_Bits)
    [Anonymous Symbol]                       0x00001ffc   Section        0  gpio.o(.text.EduBase_LEDs_Init)
    [Anonymous Symbol]                       0x00002050   Section        0  gpio.o(.text.EduBase_LEDs_Output)
    [Anonymous Symbol]                       0x00002070   Section        0  buttons.o(.text.GPIOD_Handler)
    [Anonymous Symbol]                       0x00002140   Section        0  systick_delay.o(.text.SysTick_Delay1ms)
    [Anonymous Symbol]                       0x00002188   Section        0  systick_delay.o(.text.SysTick_Delay1us)
    [Anonymous Symbol]                       0x000021cc   Section        0  systick_delay.o(.text.SysTick_Delay_Init)
    [Anonymous Symbol]                       0x000021f8   Section        0  system_tm4c123.o(.text.SystemInit)
    [Anonymous Symbol]                       0x00002304   Section        0  timer.o(.text.TIMER0A_Handler)
    [Anonymous Symbol]                       0x00002318   Section        0  timer.o(.text.Timer0A_Init_1Hz)
    __NVIC_EnableIRQ                         0x00002381   Thumb Code    48  buttons.o(.text.__NVIC_EnableIRQ)
    [Anonymous Symbol]                       0x00002380   Section        0  buttons.o(.text.__NVIC_EnableIRQ)
    __NVIC_EnableIRQ                         0x000023b1   Thumb Code    48  timer.o(.text.__NVIC_EnableIRQ)
    [Anonymous Symbol]                       0x000023b0   Section        0  timer.o(.text.__NVIC_EnableIRQ)
    [Anonymous Symbol]                       0x000023e0   Section        0  main.o(.text.main)
    CL$$btod_d2e                             0x000028e8   Section       62  btod.o(CL$$btod_d2e)
    CL$$btod_d2e_denorm_low                  0x00002926   Section       70  btod.o(CL$$btod_d2e_denorm_low)
    CL$$btod_d2e_norm_op1                    0x0000296c   Section       96  btod.o(CL$$btod_d2e_norm_op1)
    CL$$btod_div_common                      0x000029cc   Section      824  btod.o(CL$$btod_div_common)
    CL$$btod_e2e                             0x00002d04   Section      220  btod.o(CL$$btod_e2e)
    CL$$btod_ediv                            0x00002de0   Section       42  btod.o(CL$$btod_ediv)
    CL$$btod_emul                            0x00002e0a   Section       42  btod.o(CL$$btod_emul)
    CL$$btod_mult_common                     0x00002e34   Section      580  btod.o(CL$$btod_mult_common)
    i.__ARM_fpclassify                       0x00003078   Section        0  fpclassify.o(i.__ARM_fpclassify)
    i._is_digit                              0x000030a8   Section        0  __printf_wp.o(i._is_digit)
    locale$$code                             0x000030b8   Section       44  lc_numeric_c.o(locale$$code)
    locale$$code                             0x000030e4   Section       44  lc_ctype_c.o(locale$$code)
    $v0                                      0x00003110   Number         0  dcmpi.o(x$fpl$dcmpinf)
    x$fpl$dcmpinf                            0x00003110   Section       24  dcmpi.o(x$fpl$dcmpinf)
    $v0                                      0x00003128   Number         0  ddiv.o(x$fpl$ddiv)
    x$fpl$ddiv                               0x00003128   Section      696  ddiv.o(x$fpl$ddiv)
    ddiv_entry                               0x0000312f   Thumb Code     0  ddiv.o(x$fpl$ddiv)
    $v0                                      0x000033e0   Number         0  deqf.o(x$fpl$deqf)
    x$fpl$deqf                               0x000033e0   Section      120  deqf.o(x$fpl$deqf)
    $v0                                      0x00003458   Number         0  dflt_clz.o(x$fpl$dfltu)
    x$fpl$dfltu                              0x00003458   Section       38  dflt_clz.o(x$fpl$dfltu)
    $v0                                      0x00003480   Number         0  dgeqf.o(x$fpl$dgeqf)
    x$fpl$dgeqf                              0x00003480   Section      120  dgeqf.o(x$fpl$dgeqf)
    $v0                                      0x000034f8   Number         0  dleqf.o(x$fpl$dleqf)
    x$fpl$dleqf                              0x000034f8   Section      120  dleqf.o(x$fpl$dleqf)
    $v0                                      0x00003570   Number         0  dmul.o(x$fpl$dmul)
    x$fpl$dmul                               0x00003570   Section      340  dmul.o(x$fpl$dmul)
    $v0                                      0x000036c4   Number         0  dnaninf.o(x$fpl$dnaninf)
    x$fpl$dnaninf                            0x000036c4   Section      156  dnaninf.o(x$fpl$dnaninf)
    $v0                                      0x00003760   Number         0  dretinf.o(x$fpl$dretinf)
    x$fpl$dretinf                            0x00003760   Section       12  dretinf.o(x$fpl$dretinf)
    $v0                                      0x0000376c   Number         0  dcmp.o(x$fpl$fcmp)
    x$fpl$fcmp                               0x0000376c   Section       84  dcmp.o(x$fpl$fcmp)
    $v0                                      0x000037c0   Number         0  fpinit.o(x$fpl$fpinit)
    x$fpl$fpinit                             0x000037c0   Section       26  fpinit.o(x$fpl$fpinit)
    $v0                                      0x000037da   Number         0  printf1.o(x$fpl$printf1)
    x$fpl$printf1                            0x000037da   Section        4  printf1.o(x$fpl$printf1)
    $v0                                      0x000037de   Number         0  printf2.o(x$fpl$printf2)
    x$fpl$printf2                            0x000037de   Section        4  printf2.o(x$fpl$printf2)
    x$fpl$usenofp                            0x000037e2   Section        0  usenofp.o(x$fpl$usenofp)
    initial_mbstate                          0x000037e4   Data           8  _printf_wctomb.o(.constdata)
    .constdata                               0x000037e4   Section        8  _printf_wctomb.o(.constdata)
    uc_hextab                                0x000037ec   Data          20  _printf_hex_int_ll_ptr.o(.constdata)
    .constdata                               0x000037ec   Section       40  _printf_hex_int_ll_ptr.o(.constdata)
    lc_hextab                                0x00003800   Data          20  _printf_hex_int_ll_ptr.o(.constdata)
    maptable                                 0x00003814   Data          17  __printf_flags_ss_wp.o(.constdata)
    .constdata                               0x00003814   Section       17  __printf_flags_ss_wp.o(.constdata)
    lc_hextab                                0x00003825   Data          19  _printf_fp_hex.o(.constdata)
    .constdata                               0x00003825   Section       38  _printf_fp_hex.o(.constdata)
    uc_hextab                                0x00003838   Data          19  _printf_fp_hex.o(.constdata)
    tenpwrs_x                                0x0000384c   Data          60  bigflt0.o(.constdata)
    .constdata                               0x0000384c   Section      148  bigflt0.o(.constdata)
    tenpwrs_i                                0x00003888   Data          64  bigflt0.o(.constdata)
    .L.str.1                                 0x000038e0   Data          17  main.o(.rodata.str1.1)
    .L.str.5                                 0x000038e0   Data          17  main.o(.rodata.str1.1)
    [Anonymous Symbol]                       0x000038e0   Section        0  main.o(.rodata.str1.1)
    .L.str.10                                0x000038eb   Data           6  main.o(.rodata.str1.1)
    .L.str                                   0x000038f1   Data          17  main.o(.rodata.str1.1)
    .L.str.2                                 0x00003902   Data          17  main.o(.rodata.str1.1)
    .L.str.4                                 0x00003913   Data          19  main.o(.rodata.str1.1)
    .L.str.9                                 0x00003926   Data          11  main.o(.rodata.str1.1)
    .L.str.8                                 0x00003931   Data          10  main.o(.rodata.str1.1)
    .L.str.7                                 0x0000393b   Data           9  main.o(.rodata.str1.1)
    .L.str.3                                 0x00003944   Data           8  main.o(.rodata.str1.1)
    .L.str.6                                 0x0000394c   Data          16  main.o(.rodata.str1.1)
    .L.str.1                                 0x0000395c   Data          14  main.o(.rodata.str1.1)
    .L.str.2                                 0x0000396a   Data          15  display.o(.rodata.str1.1)
    [Anonymous Symbol]                       0x0000396a   Section        0  display.o(.rodata.str1.1)
    .L.str                                   0x00003979   Data          14  display.o(.rodata.str1.1)
    locale$$data                             0x000039a8   Section       28  lc_numeric_c.o(locale$$data)
    __lcnum_c_name                           0x000039ac   Data           2  lc_numeric_c.o(locale$$data)
    __lcnum_c_start                          0x000039b4   Data           0  lc_numeric_c.o(locale$$data)
    __lcnum_c_point                          0x000039c0   Data           0  lc_numeric_c.o(locale$$data)
    __lcnum_c_thousands                      0x000039c2   Data           0  lc_numeric_c.o(locale$$data)
    __lcnum_c_grouping                       0x000039c3   Data           0  lc_numeric_c.o(locale$$data)
    __lcnum_c_end                            0x000039c4   Data           0  lc_numeric_c.o(locale$$data)
    locale$$data                             0x000039c4   Section      272  lc_ctype_c.o(locale$$data)
    __lcctype_c_name                         0x000039c8   Data           2  lc_ctype_c.o(locale$$data)
    __lcctype_c_start                        0x000039d0   Data           0  lc_ctype_c.o(locale$$data)
    __lcctype_c_end                          0x00003ad4   Data           0  lc_ctype_c.o(locale$$data)
    alarm_enabled                            0x20000000   Data           4  clock.o(.data.alarm_enabled)
    [Anonymous Symbol]                       0x20000000   Section        0  clock.o(.data.alarm_enabled)
    .bss                                     0x20000010   Section       96  libspace.o(.bss)
    adc_buffer                               0x20000070   Data          64  main.o(.bss.adc_buffer)
    [Anonymous Symbol]                       0x20000070   Section        0  main.o(.bss.adc_buffer)
    alarm_active_counter                     0x200000b0   Data           4  clock.o(.bss.alarm_active_counter)
    [Anonymous Symbol]                       0x200000b0   Section        0  clock.o(.bss.alarm_active_counter)
    current_event                            0x200000c4   Data           1  buttons.o(.bss.current_event)
    [Anonymous Symbol]                       0x200000c4   Section        0  buttons.o(.bss.current_event)
    display_control                          0x200000c5   Data           1  edubase_lcd.o(.bss.display_control)
    [Anonymous Symbol]                       0x200000c5   Section        0  edubase_lcd.o(.bss.display_control)
    hour                                     0x200000c8   Data           4  clock.o(.bss.hour)
    [Anonymous Symbol]                       0x200000c8   Section        0  clock.o(.bss.hour)
    lcd_message_timer                        0x200000cc   Data           4  main.o(.bss.lcd_message_timer)
    [Anonymous Symbol]                       0x200000cc   Section        0  main.o(.bss.lcd_message_timer)
    minute                                   0x200000d4   Data           4  clock.o(.bss.minute)
    [Anonymous Symbol]                       0x200000d4   Section        0  clock.o(.bss.minute)
    second                                   0x200000d8   Data           4  clock.o(.bss.second)
    [Anonymous Symbol]                       0x200000d8   Section        0  clock.o(.bss.second)
    Heap_Mem                                 0x200000f0   Data           0  startup_tm4c123.o(HEAP)
    Stack_Mem                                0x200000f0   Data         512  startup_tm4c123.o(STACK)
    HEAP                                     0x200000f0   Section        0  startup_tm4c123.o(HEAP)
    STACK                                    0x200000f0   Section      512  startup_tm4c123.o(STACK)
    __initial_sp                             0x200002f0   Data           0  startup_tm4c123.o(STACK)

    Global Symbols

    Symbol Name                              Value     Ov Type        Size  Object(Section)

    BuildAttributes$$THM_ISAv4$E$P$D$K$B$S$7EM$VFPi3$EXTD16$VFPS$VFMA$PE$A:L22UL41UL21$X:L11$S22US41US21$IEEE1$IW$~IW$USESV6$~STKCKD$USESV7$~SHL$OTIME$ROPI$IEEEJ$EBA8$UX$STANDARDLIB$REQ8$PRES8$EABIv2 0x00000000   Number         0  anon$$obj.o ABSOLUTE
    __Vectors                                0x00000000   Data           4  startup_tm4c123.o(RESET)
    _printf_flags                            0x00000000   Number         0  printf_stubs.o ABSOLUTE
    _printf_return_value                     0x00000000   Number         0  printf_stubs.o ABSOLUTE
    _printf_sizespec                         0x00000000   Number         0  printf_stubs.o ABSOLUTE
    _printf_widthprec                        0x00000000   Number         0  printf_stubs.o ABSOLUTE
    __ARM_exceptions_init                     - Undefined Weak Reference
    __alloca_initialize                       - Undefined Weak Reference
    __arm_preinit_                            - Undefined Weak Reference
    __arm_relocate_pie_                       - Undefined Weak Reference
    __cpp_initialize__aeabi_                  - Undefined Weak Reference
    __cxa_finalize                            - Undefined Weak Reference
    __sigvec_lookup                           - Undefined Weak Reference
    _atexit_init                              - Undefined Weak Reference
    _call_atexit_fns                          - Undefined Weak Reference
    _clock_init                               - Undefined Weak Reference
    _fp_trap_init                             - Undefined Weak Reference
    _fp_trap_shutdown                         - Undefined Weak Reference
    _get_lc_collate                           - Undefined Weak Reference
    _get_lc_monetary                          - Undefined Weak Reference
    _get_lc_time                              - Undefined Weak Reference
    _getenv_init                              - Undefined Weak Reference
    _handle_redirection                       - Undefined Weak Reference
    _init_alloc                               - Undefined Weak Reference
    _init_user_alloc                          - Undefined Weak Reference
    _initio                                   - Undefined Weak Reference
    _printf_mbtowc                            - Undefined Weak Reference
    _printf_wc                                - Undefined Weak Reference
    _rand_init                                - Undefined Weak Reference
    _signal_finish                            - Undefined Weak Reference
    _signal_init                              - Undefined Weak Reference
    _terminate_alloc                          - Undefined Weak Reference
    _terminate_user_alloc                     - Undefined Weak Reference
    _terminateio                              - Undefined Weak Reference
    __Vectors_End                            0x0000026c   Data           0  startup_tm4c123.o(RESET)
    __Vectors_Size                           0x0000026c   Number         0  startup_tm4c123.o ABSOLUTE
    __main                                   0x0000026d   Thumb Code     8  __main.o(!!!main)
    __scatterload                            0x00000275   Thumb Code     0  __scatter.o(!!!scatter)
    __scatterload_rt2                        0x00000275   Thumb Code    84  __scatter.o(!!!scatter)
    __scatterload_rt2_thumb_only             0x00000275   Thumb Code     0  __scatter.o(!!!scatter)
    __scatterload_loop                       0x0000027f   Thumb Code     0  __scatter.o(!!!scatter)
    __scatterload_copy                       0x000002d1   Thumb Code    26  __scatter_copy.o(!!handler_copy)
    __scatterload_null                       0x000002ed   Thumb Code     2  __scatter.o(!!handler_null)
    __scatterload_zeroinit                   0x000002f1   Thumb Code    28  __scatter_zi.o(!!handler_zi)
    _printf_n                                0x0000030d   Thumb Code     0  _printf_n.o(.ARM.Collect$$_printf_percent$$00000001)
    _printf_percent                          0x0000030d   Thumb Code     0  _printf_percent.o(.ARM.Collect$$_printf_percent$$00000000)
    _printf_p                                0x00000313   Thumb Code     0  _printf_p.o(.ARM.Collect$$_printf_percent$$00000002)
    _printf_f                                0x00000319   Thumb Code     0  _printf_f.o(.ARM.Collect$$_printf_percent$$00000003)
    _printf_e                                0x0000031f   Thumb Code     0  _printf_e.o(.ARM.Collect$$_printf_percent$$00000004)
    _printf_g                                0x00000325   Thumb Code     0  _printf_g.o(.ARM.Collect$$_printf_percent$$00000005)
    _printf_a                                0x0000032b   Thumb Code     0  _printf_a.o(.ARM.Collect$$_printf_percent$$00000006)
    _printf_ll                               0x00000331   Thumb Code     0  _printf_ll.o(.ARM.Collect$$_printf_percent$$00000007)
    _printf_i                                0x0000033b   Thumb Code     0  _printf_i.o(.ARM.Collect$$_printf_percent$$00000008)
    _printf_d                                0x00000341   Thumb Code     0  _printf_d.o(.ARM.Collect$$_printf_percent$$00000009)
    _printf_u                                0x00000347   Thumb Code     0  _printf_u.o(.ARM.Collect$$_printf_percent$$0000000A)
    _printf_o                                0x0000034d   Thumb Code     0  _printf_o.o(.ARM.Collect$$_printf_percent$$0000000B)
    _printf_x                                0x00000353   Thumb Code     0  _printf_x.o(.ARM.Collect$$_printf_percent$$0000000C)
    _printf_lli                              0x00000359   Thumb Code     0  _printf_lli.o(.ARM.Collect$$_printf_percent$$0000000D)
    _printf_lld                              0x0000035f   Thumb Code     0  _printf_lld.o(.ARM.Collect$$_printf_percent$$0000000E)
    _printf_llu                              0x00000365   Thumb Code     0  _printf_llu.o(.ARM.Collect$$_printf_percent$$0000000F)
    _printf_llo                              0x0000036b   Thumb Code     0  _printf_llo.o(.ARM.Collect$$_printf_percent$$00000010)
    _printf_llx                              0x00000371   Thumb Code     0  _printf_llx.o(.ARM.Collect$$_printf_percent$$00000011)
    _printf_l                                0x00000377   Thumb Code     0  _printf_l.o(.ARM.Collect$$_printf_percent$$00000012)
    _printf_c                                0x00000381   Thumb Code     0  _printf_c.o(.ARM.Collect$$_printf_percent$$00000013)
    _printf_s                                0x00000387   Thumb Code     0  _printf_s.o(.ARM.Collect$$_printf_percent$$00000014)
    _printf_lc                               0x0000038d   Thumb Code     0  _printf_lc.o(.ARM.Collect$$_printf_percent$$00000015)
    _printf_ls                               0x00000393   Thumb Code     0  _printf_ls.o(.ARM.Collect$$_printf_percent$$00000016)
    _printf_percent_end                      0x00000399   Thumb Code     0  _printf_percent_end.o(.ARM.Collect$$_printf_percent$$00000017)
    __rt_lib_init                            0x0000039d   Thumb Code     0  libinit.o(.ARM.Collect$$libinit$$00000000)
    __rt_lib_init_fp_1                       0x0000039f   Thumb Code     0  libinit2.o(.ARM.Collect$$libinit$$00000001)
    __rt_lib_init_heap_1                     0x000003a3   Thumb Code     0  libinit2.o(.ARM.Collect$$libinit$$0000000C)
    __rt_lib_init_lc_common                  0x000003a3   Thumb Code     0  libinit2.o(.ARM.Collect$$libinit$$00000011)
    __rt_lib_init_preinit_1                  0x000003a3   Thumb Code     0  libinit2.o(.ARM.Collect$$libinit$$00000006)
    __rt_lib_init_rand_1                     0x000003a3   Thumb Code     0  libinit2.o(.ARM.Collect$$libinit$$00000010)
    __rt_lib_init_relocate_pie_1             0x000003a3   Thumb Code     0  libinit2.o(.ARM.Collect$$libinit$$00000004)
    __rt_lib_init_user_alloc_1               0x000003a3   Thumb Code     0  libinit2.o(.ARM.Collect$$libinit$$0000000E)
    __rt_lib_init_lc_collate_1               0x000003a9   Thumb Code     0  libinit2.o(.ARM.Collect$$libinit$$00000013)
    __rt_lib_init_lc_ctype_2                 0x000003a9   Thumb Code     0  libinit2.o(.ARM.Collect$$libinit$$00000014)
    __rt_lib_init_lc_ctype_1                 0x000003b5   Thumb Code     0  libinit2.o(.ARM.Collect$$libinit$$00000015)
    __rt_lib_init_lc_monetary_1              0x000003b5   Thumb Code     0  libinit2.o(.ARM.Collect$$libinit$$00000017)
    __rt_lib_init_lc_numeric_2               0x000003b5   Thumb Code     0  libinit2.o(.ARM.Collect$$libinit$$00000018)
    __rt_lib_init_alloca_1                   0x000003bf   Thumb Code     0  libinit2.o(.ARM.Collect$$libinit$$00000030)
    __rt_lib_init_argv_1                     0x000003bf   Thumb Code     0  libinit2.o(.ARM.Collect$$libinit$$0000002E)
    __rt_lib_init_atexit_1                   0x000003bf   Thumb Code     0  libinit2.o(.ARM.Collect$$libinit$$0000001D)
    __rt_lib_init_clock_1                    0x000003bf   Thumb Code     0  libinit2.o(.ARM.Collect$$libinit$$00000023)
    __rt_lib_init_cpp_1                      0x000003bf   Thumb Code     0  libinit2.o(.ARM.Collect$$libinit$$00000034)
    __rt_lib_init_exceptions_1               0x000003bf   Thumb Code     0  libinit2.o(.ARM.Collect$$libinit$$00000032)
    __rt_lib_init_fp_trap_1                  0x000003bf   Thumb Code     0  libinit2.o(.ARM.Collect$$libinit$$00000021)
    __rt_lib_init_getenv_1                   0x000003bf   Thumb Code     0  libinit2.o(.ARM.Collect$$libinit$$00000025)
    __rt_lib_init_lc_numeric_1               0x000003bf   Thumb Code     0  libinit2.o(.ARM.Collect$$libinit$$00000019)
    __rt_lib_init_lc_time_1                  0x000003bf   Thumb Code     0  libinit2.o(.ARM.Collect$$libinit$$0000001B)
    __rt_lib_init_return                     0x000003bf   Thumb Code     0  libinit2.o(.ARM.Collect$$libinit$$00000035)
    __rt_lib_init_signal_1                   0x000003bf   Thumb Code     0  libinit2.o(.ARM.Collect$$libinit$$0000001F)
    __rt_lib_init_stdio_1                    0x000003bf   Thumb Code     0  libinit2.o(.ARM.Collect$$libinit$$00000027)
    __rt_lib_shutdown                        0x000003c1   Thumb Code     0  libshutdown.o(.ARM.Collect$$libshutdown$$00000000)
    __rt_lib_shutdown_cpp_1                  0x000003c3   Thumb Code     0  libshutdown2.o(.ARM.Collect$$libshutdown$$00000002)
    __rt_lib_shutdown_fp_trap_1              0x000003c3   Thumb Code     0  libshutdown2.o(.ARM.Collect$$libshutdown$$00000007)
    __rt_lib_shutdown_heap_1                 0x000003c3   Thumb Code     0  libshutdown2.o(.ARM.Collect$$libshutdown$$0000000F)
    __rt_lib_shutdown_return                 0x000003c3   Thumb Code     0  libshutdown2.o(.ARM.Collect$$libshutdown$$00000010)
    __rt_lib_shutdown_signal_1               0x000003c3   Thumb Code     0  libshutdown2.o(.ARM.Collect$$libshutdown$$0000000A)
    __rt_lib_shutdown_stdio_1                0x000003c3   Thumb Code     0  libshutdown2.o(.ARM.Collect$$libshutdown$$00000004)
    __rt_lib_shutdown_user_alloc_1           0x000003c3   Thumb Code     0  libshutdown2.o(.ARM.Collect$$libshutdown$$0000000C)
    __rt_entry                               0x000003c5   Thumb Code     0  __rtentry.o(.ARM.Collect$$rtentry$$00000000)
    __rt_entry_presh_1                       0x000003c5   Thumb Code     0  __rtentry2.o(.ARM.Collect$$rtentry$$00000002)
    __rt_entry_sh                            0x000003c5   Thumb Code     0  __rtentry4.o(.ARM.Collect$$rtentry$$00000004)
    __rt_entry_li                            0x000003cb   Thumb Code     0  __rtentry2.o(.ARM.Collect$$rtentry$$0000000A)
    __rt_entry_postsh_1                      0x000003cb   Thumb Code     0  __rtentry2.o(.ARM.Collect$$rtentry$$00000009)
    __rt_entry_main                          0x000003cf   Thumb Code     0  __rtentry2.o(.ARM.Collect$$rtentry$$0000000D)
    __rt_entry_postli_1                      0x000003cf   Thumb Code     0  __rtentry2.o(.ARM.Collect$$rtentry$$0000000C)
    __rt_exit                                0x000003d7   Thumb Code     0  rtexit.o(.ARM.Collect$$rtexit$$00000000)
    __rt_exit_ls                             0x000003d9   Thumb Code     0  rtexit2.o(.ARM.Collect$$rtexit$$00000003)
    __rt_exit_prels_1                        0x000003d9   Thumb Code     0  rtexit2.o(.ARM.Collect$$rtexit$$00000002)
    __rt_exit_exit                           0x000003dd   Thumb Code     0  rtexit2.o(.ARM.Collect$$rtexit$$00000004)
    Reset_Handler                            0x000003e5   Thumb Code     8  startup_tm4c123.o(.text)
    NMI_Handler                              0x000003ed   Thumb Code     2  startup_tm4c123.o(.text)
    HardFault_Handler                        0x000003ef   Thumb Code     2  startup_tm4c123.o(.text)
    MemManage_Handler                        0x000003f1   Thumb Code     2  startup_tm4c123.o(.text)
    BusFault_Handler                         0x000003f3   Thumb Code     2  startup_tm4c123.o(.text)
    UsageFault_Handler                       0x000003f5   Thumb Code     2  startup_tm4c123.o(.text)
    SVC_Handler                              0x000003f7   Thumb Code     2  startup_tm4c123.o(.text)
    DebugMon_Handler                         0x000003f9   Thumb Code     2  startup_tm4c123.o(.text)
    PendSV_Handler                           0x000003fb   Thumb Code     2  startup_tm4c123.o(.text)
    SysTick_Handler                          0x000003fd   Thumb Code     2  startup_tm4c123.o(.text)
    GPIOA_Handler                            0x000003ff   Thumb Code     2  startup_tm4c123.o(.text)
    GPIOB_Handler                            0x00000401   Thumb Code     2  startup_tm4c123.o(.text)
    GPIOC_Handler                            0x00000403   Thumb Code     2  startup_tm4c123.o(.text)
    GPIOE_Handler                            0x00000407   Thumb Code     2  startup_tm4c123.o(.text)
    UART0_Handler                            0x00000409   Thumb Code     2  startup_tm4c123.o(.text)
    UART1_Handler                            0x0000040b   Thumb Code     2  startup_tm4c123.o(.text)
    SSI0_Handler                             0x0000040d   Thumb Code     2  startup_tm4c123.o(.text)
    I2C0_Handler                             0x0000040f   Thumb Code     2  startup_tm4c123.o(.text)
    PMW0_FAULT_Handler                       0x00000411   Thumb Code     2  startup_tm4c123.o(.text)
    PWM0_0_Handler                           0x00000413   Thumb Code     2  startup_tm4c123.o(.text)
    PWM0_1_Handler                           0x00000415   Thumb Code     2  startup_tm4c123.o(.text)
    PWM0_2_Handler                           0x00000417   Thumb Code     2  startup_tm4c123.o(.text)
    QEI0_Handler                             0x00000419   Thumb Code     2  startup_tm4c123.o(.text)
    ADC0SS0_Handler                          0x0000041b   Thumb Code     2  startup_tm4c123.o(.text)
    ADC0SS1_Handler                          0x0000041d   Thumb Code     2  startup_tm4c123.o(.text)
    ADC0SS2_Handler                          0x0000041f   Thumb Code     2  startup_tm4c123.o(.text)
    ADC0SS3_Handler                          0x00000421   Thumb Code     2  startup_tm4c123.o(.text)
    WDT0_Handler                             0x00000423   Thumb Code     2  startup_tm4c123.o(.text)
    TIMER0B_Handler                          0x00000427   Thumb Code     2  startup_tm4c123.o(.text)
    TIMER1A_Handler                          0x00000429   Thumb Code     2  startup_tm4c123.o(.text)
    TIMER1B_Handler                          0x0000042b   Thumb Code     2  startup_tm4c123.o(.text)
    TIMER2A_Handler                          0x0000042d   Thumb Code     2  startup_tm4c123.o(.text)
    TIMER2B_Handler                          0x0000042f   Thumb Code     2  startup_tm4c123.o(.text)
    COMP0_Handler                            0x00000431   Thumb Code     2  startup_tm4c123.o(.text)
    COMP1_Handler                            0x00000433   Thumb Code     2  startup_tm4c123.o(.text)
    COMP2_Handler                            0x00000435   Thumb Code     2  startup_tm4c123.o(.text)
    SYSCTL_Handler                           0x00000437   Thumb Code     2  startup_tm4c123.o(.text)
    FLASH_Handler                            0x00000439   Thumb Code     2  startup_tm4c123.o(.text)
    GPIOF_Handler                            0x0000043b   Thumb Code     2  startup_tm4c123.o(.text)
    GPIOG_Handler                            0x0000043d   Thumb Code     2  startup_tm4c123.o(.text)
    GPIOH_Handler                            0x0000043f   Thumb Code     2  startup_tm4c123.o(.text)
    UART2_Handler                            0x00000441   Thumb Code     2  startup_tm4c123.o(.text)
    SSI1_Handler                             0x00000443   Thumb Code     2  startup_tm4c123.o(.text)
    TIMER3A_Handler                          0x00000445   Thumb Code     2  startup_tm4c123.o(.text)
    TIMER3B_Handler                          0x00000447   Thumb Code     2  startup_tm4c123.o(.text)
    I2C1_Handler                             0x00000449   Thumb Code     2  startup_tm4c123.o(.text)
    QEI1_Handler                             0x0000044b   Thumb Code     2  startup_tm4c123.o(.text)
    CAN0_Handler                             0x0000044d   Thumb Code     2  startup_tm4c123.o(.text)
    CAN1_Handler                             0x0000044f   Thumb Code     2  startup_tm4c123.o(.text)
    CAN2_Handler                             0x00000451   Thumb Code     2  startup_tm4c123.o(.text)
    HIB_Handler                              0x00000453   Thumb Code     2  startup_tm4c123.o(.text)
    USB0_Handler                             0x00000455   Thumb Code     2  startup_tm4c123.o(.text)
    PWM0_3_Handler                           0x00000457   Thumb Code     2  startup_tm4c123.o(.text)
    UDMA_Handler                             0x00000459   Thumb Code     2  startup_tm4c123.o(.text)
    UDMAERR_Handler                          0x0000045b   Thumb Code     2  startup_tm4c123.o(.text)
    ADC1SS0_Handler                          0x0000045d   Thumb Code     2  startup_tm4c123.o(.text)
    ADC1SS1_Handler                          0x0000045f   Thumb Code     2  startup_tm4c123.o(.text)
    ADC1SS2_Handler                          0x00000461   Thumb Code     2  startup_tm4c123.o(.text)
    ADC1SS3_Handler                          0x00000463   Thumb Code     2  startup_tm4c123.o(.text)
    GPIOJ_Handler                            0x00000465   Thumb Code     2  startup_tm4c123.o(.text)
    GPIOK_Handler                            0x00000467   Thumb Code     2  startup_tm4c123.o(.text)
    GPIOL_Handler                            0x00000469   Thumb Code     2  startup_tm4c123.o(.text)
    SSI2_Handler                             0x0000046b   Thumb Code     2  startup_tm4c123.o(.text)
    SSI3_Handler                             0x0000046d   Thumb Code     2  startup_tm4c123.o(.text)
    UART3_Handler                            0x0000046f   Thumb Code     2  startup_tm4c123.o(.text)
    UART4_Handler                            0x00000471   Thumb Code     2  startup_tm4c123.o(.text)
    UART5_Handler                            0x00000473   Thumb Code     2  startup_tm4c123.o(.text)
    UART6_Handler                            0x00000475   Thumb Code     2  startup_tm4c123.o(.text)
    UART7_Handler                            0x00000477   Thumb Code     2  startup_tm4c123.o(.text)
    I2C2_Handler                             0x00000479   Thumb Code     2  startup_tm4c123.o(.text)
    I2C3_Handler                             0x0000047b   Thumb Code     2  startup_tm4c123.o(.text)
    TIMER4A_Handler                          0x0000047d   Thumb Code     2  startup_tm4c123.o(.text)
    TIMER4B_Handler                          0x0000047f   Thumb Code     2  startup_tm4c123.o(.text)
    TIMER5A_Handler                          0x00000481   Thumb Code     2  startup_tm4c123.o(.text)
    TIMER5B_Handler                          0x00000483   Thumb Code     2  startup_tm4c123.o(.text)
    WTIMER0A_Handler                         0x00000485   Thumb Code     2  startup_tm4c123.o(.text)
    WTIMER0B_Handler                         0x00000487   Thumb Code     2  startup_tm4c123.o(.text)
    WTIMER1A_Handler                         0x00000489   Thumb Code     2  startup_tm4c123.o(.text)
    WTIMER1B_Handler                         0x0000048b   Thumb Code     2  startup_tm4c123.o(.text)
    WTIMER2A_Handler                         0x0000048d   Thumb Code     2  startup_tm4c123.o(.text)
    WTIMER2B_Handler                         0x0000048f   Thumb Code     2  startup_tm4c123.o(.text)
    WTIMER3A_Handler                         0x00000491   Thumb Code     2  startup_tm4c123.o(.text)
    WTIMER3B_Handler                         0x00000493   Thumb Code     2  startup_tm4c123.o(.text)
    WTIMER4A_Handler                         0x00000495   Thumb Code     2  startup_tm4c123.o(.text)
    WTIMER4B_Handler                         0x00000497   Thumb Code     2  startup_tm4c123.o(.text)
    WTIMER5A_Handler                         0x00000499   Thumb Code     2  startup_tm4c123.o(.text)
    WTIMER5B_Handler                         0x0000049b   Thumb Code     2  startup_tm4c123.o(.text)
    FPU_Handler                              0x0000049d   Thumb Code     2  startup_tm4c123.o(.text)
    I2C4_Handler                             0x0000049f   Thumb Code     2  startup_tm4c123.o(.text)
    I2C5_Handler                             0x000004a1   Thumb Code     2  startup_tm4c123.o(.text)
    GPIOM_Handler                            0x000004a3   Thumb Code     2  startup_tm4c123.o(.text)
    GPION_Handler                            0x000004a5   Thumb Code     2  startup_tm4c123.o(.text)
    QEI2_Handler                             0x000004a7   Thumb Code     2  startup_tm4c123.o(.text)
    GPIOP0_Handler                           0x000004a9   Thumb Code     2  startup_tm4c123.o(.text)
    GPIOP1_Handler                           0x000004ab   Thumb Code     2  startup_tm4c123.o(.text)
    GPIOP2_Handler                           0x000004ad   Thumb Code     2  startup_tm4c123.o(.text)
    GPIOP3_Handler                           0x000004af   Thumb Code     2  startup_tm4c123.o(.text)
    GPIOP4_Handler                           0x000004b1   Thumb Code     2  startup_tm4c123.o(.text)
    GPIOP5_Handler                           0x000004b3   Thumb Code     2  startup_tm4c123.o(.text)
    GPIOP6_Handler                           0x000004b5   Thumb Code     2  startup_tm4c123.o(.text)
    GPIOP7_Handler                           0x000004b7   Thumb Code     2  startup_tm4c123.o(.text)
    GPIOQ0_Handler                           0x000004b9   Thumb Code     2  startup_tm4c123.o(.text)
    GPIOQ1_Handler                           0x000004bb   Thumb Code     2  startup_tm4c123.o(.text)
    GPIOQ2_Handler                           0x000004bd   Thumb Code     2  startup_tm4c123.o(.text)
    GPIOQ3_Handler                           0x000004bf   Thumb Code     2  startup_tm4c123.o(.text)
    GPIOQ4_Handler                           0x000004c1   Thumb Code     2  startup_tm4c123.o(.text)
    GPIOQ5_Handler                           0x000004c3   Thumb Code     2  startup_tm4c123.o(.text)
    GPIOQ6_Handler                           0x000004c5   Thumb Code     2  startup_tm4c123.o(.text)
    GPIOQ7_Handler                           0x000004c7   Thumb Code     2  startup_tm4c123.o(.text)
    GPIOR_Handler                            0x000004c9   Thumb Code     2  startup_tm4c123.o(.text)
    GPIOS_Handler                            0x000004cb   Thumb Code     2  startup_tm4c123.o(.text)
    PMW1_0_Handler                           0x000004cd   Thumb Code     2  startup_tm4c123.o(.text)
    PWM1_1_Handler                           0x000004cf   Thumb Code     2  startup_tm4c123.o(.text)
    PWM1_2_Handler                           0x000004d1   Thumb Code     2  startup_tm4c123.o(.text)
    PWM1_3_Handler                           0x000004d3   Thumb Code     2  startup_tm4c123.o(.text)
    PWM1_FAULT_Handler                       0x000004d5   Thumb Code     2  startup_tm4c123.o(.text)
    __user_initial_stackheap                 0x000004d9   Thumb Code     0  startup_tm4c123.o(.text)
    sprintf                                  0x000004f9   Thumb Code    38  sprintf.o(.text)
    strlen                                   0x00000525   Thumb Code    62  strlen.o(.text)
    __use_two_region_memory                  0x00000563   Thumb Code     2  heapauxi.o(.text)
    __rt_heap_escrow$2region                 0x00000565   Thumb Code     2  heapauxi.o(.text)
    __rt_heap_expand$2region                 0x00000567   Thumb Code     2  heapauxi.o(.text)
    _printf_pre_padding                      0x00000569   Thumb Code    44  _printf_pad.o(.text)
    _printf_post_padding                     0x00000595   Thumb Code    34  _printf_pad.o(.text)
    _printf_truncate_signed                  0x000005b7   Thumb Code    18  _printf_truncate.o(.text)
    _printf_truncate_unsigned                0x000005c9   Thumb Code    18  _printf_truncate.o(.text)
    _printf_str                              0x000005db   Thumb Code    82  _printf_str.o(.text)
    _printf_int_dec                          0x0000062d   Thumb Code   104  _printf_dec.o(.text)
    _printf_charcount                        0x000006a5   Thumb Code    40  _printf_charcount.o(.text)
    _printf_char_common                      0x000006d7   Thumb Code    32  _printf_char_common.o(.text)
    _sputc                                   0x000006fd   Thumb Code    10  _sputc.o(.text)
    _printf_wctomb                           0x00000709   Thumb Code   182  _printf_wctomb.o(.text)
    _printf_longlong_dec                     0x000007c5   Thumb Code   108  _printf_longlong_dec.o(.text)
    _printf_longlong_oct                     0x00000841   Thumb Code    68  _printf_oct_int_ll.o(.text)
    _printf_int_oct                          0x00000885   Thumb Code    24  _printf_oct_int_ll.o(.text)
    _printf_ll_oct                           0x0000089d   Thumb Code    12  _printf_oct_int_ll.o(.text)
    _printf_longlong_hex                     0x000008b1   Thumb Code    86  _printf_hex_int_ll_ptr.o(.text)
    _printf_int_hex                          0x00000907   Thumb Code    28  _printf_hex_int_ll_ptr.o(.text)
    _printf_ll_hex                           0x00000923   Thumb Code    12  _printf_hex_int_ll_ptr.o(.text)
    _printf_hex_ptr                          0x0000092f   Thumb Code    18  _printf_hex_int_ll_ptr.o(.text)
    __printf                                 0x00000945   Thumb Code   388  __printf_flags_ss_wp.o(.text)
    _ll_udiv10                               0x00000acd   Thumb Code   138  lludiv10.o(.text)
    _printf_int_common                       0x00000b57   Thumb Code   178  _printf_intcommon.o(.text)
    _printf_fp_dec_real                      0x00000db9   Thumb Code   620  _printf_fp_dec.o(.text)
    _printf_fp_hex_real                      0x00001025   Thumb Code   756  _printf_fp_hex.o(.text)
    _printf_cs_common                        0x00001321   Thumb Code    20  _printf_char.o(.text)
    _printf_char                             0x00001335   Thumb Code    16  _printf_char.o(.text)
    _printf_string                           0x00001345   Thumb Code     8  _printf_char.o(.text)
    _printf_lcs_common                       0x0000134d   Thumb Code    20  _printf_wchar.o(.text)
    _printf_wchar                            0x00001361   Thumb Code    16  _printf_wchar.o(.text)
    _printf_wstring                          0x00001371   Thumb Code     8  _printf_wchar.o(.text)
    _c16rtomb                                0x00001379   Thumb Code    72  _c16rtomb.o(.text)
    _wcrtomb                                 0x00001379   Thumb Code     0  _c16rtomb.o(.text)
    __user_setup_stackheap                   0x000013c1   Thumb Code    74  sys_stackheap_outer.o(.text)
    __rt_ctype_table                         0x0000140d   Thumb Code    16  rt_ctype_table.o(.text)
    __rt_locale                              0x0000141d   Thumb Code     8  rt_locale_intlibspace.o(.text)
    _printf_fp_infnan                        0x00001425   Thumb Code   112  _printf_fp_infnan.o(.text)
    _btod_etento                             0x000014a5   Thumb Code   224  bigflt0.o(.text)
    exit                                     0x00001589   Thumb Code    18  exit.o(.text)
    __user_libspace                          0x0000159d   Thumb Code     8  libspace.o(.text)
    __user_perproc_libspace                  0x0000159d   Thumb Code     0  libspace.o(.text)
    __user_perthread_libspace                0x0000159d   Thumb Code     0  libspace.o(.text)
    strcmp                                   0x000015a9   Thumb Code   124  strcmpv7em.o(.text)
    _sys_exit                                0x00001625   Thumb Code     8  sys_exit.o(.text)
    __I$use$semihosting                      0x00001631   Thumb Code     0  use_no_semi.o(.text)
    __use_no_semihosting_swi                 0x00001631   Thumb Code     2  use_no_semi.o(.text)
    __semihosting_library_function           0x00001633   Thumb Code     0  indicate_semi.o(.text)
    ADC_Init                                 0x00001635   Thumb Code   192  adc.o(.text.ADC_Init)
    ADC_Sample                               0x000016f9   Thumb Code   128  adc.o(.text.ADC_Sample)
    Alarm_Add_Minute                         0x00001789   Thumb Code    42  clock.o(.text.Alarm_Add_Minute)
    Alarm_Init                               0x000017b5   Thumb Code   138  alarm.o(.text.Alarm_Init)
    Alarm_Off                                0x00001841   Thumb Code    34  alarm.o(.text.Alarm_Off)
    Alarm_On                                 0x00001865   Thumb Code   136  alarm.o(.text.Alarm_On)
    Button_GetEvent                          0x000018ed   Thumb Code    28  buttons.o(.text.Button_GetEvent)
    Button_HasEvent                          0x00001909   Thumb Code    18  buttons.o(.text.Button_HasEvent)
    Buttons_Init                             0x0000191d   Thumb Code   174  buttons.o(.text.Buttons_Init)
    Clock_Alarm_Is_Enabled                   0x000019cd   Thumb Code    12  clock.o(.text.Clock_Alarm_Is_Enabled)
    Clock_Check_Alarm                        0x000019d9   Thumb Code   170  clock.o(.text.Clock_Check_Alarm)
    Clock_Get_Hour                           0x00001a85   Thumb Code    12  clock.o(.text.Clock_Get_Hour)
    Clock_Get_Minute                         0x00001a91   Thumb Code    12  clock.o(.text.Clock_Get_Minute)
    Clock_Get_Second                         0x00001a9d   Thumb Code    12  clock.o(.text.Clock_Get_Second)
    Clock_Init                               0x00001aa9   Thumb Code    46  clock.o(.text.Clock_Init)
    Clock_Set_Time                           0x00001ad9   Thumb Code   130  clock.o(.text.Clock_Set_Time)
    Clock_Tick                               0x00001b5d   Thumb Code   144  clock.o(.text.Clock_Tick)
    Clock_Toggle_Alarm                       0x00001bed   Thumb Code    18  clock.o(.text.Clock_Toggle_Alarm)
    Display_Init                             0x00001c01   Thumb Code    58  display.o(.text.Display_Init)
    Display_UpdateTime                       0x00001c3d   Thumb Code    80  display.o(.text.Display_UpdateTime)
    EduBase_LCD_Clear_Display                0x00001c8d   Thumb Code    10  edubase_lcd.o(.text.EduBase_LCD_Clear_Display)
    EduBase_LCD_Disable_Cursor               0x00001c99   Thumb Code    30  edubase_lcd.o(.text.EduBase_LCD_Disable_Cursor)
    EduBase_LCD_Disable_Cursor_Blink         0x00001cb9   Thumb Code    30  edubase_lcd.o(.text.EduBase_LCD_Disable_Cursor_Blink)
    EduBase_LCD_Display_String               0x00001cd9   Thumb Code    56  edubase_lcd.o(.text.EduBase_LCD_Display_String)
    EduBase_LCD_Enable_Display               0x00001d11   Thumb Code    30  edubase_lcd.o(.text.EduBase_LCD_Enable_Display)
    EduBase_LCD_Init                         0x00001d31   Thumb Code   104  edubase_lcd.o(.text.EduBase_LCD_Init)
    EduBase_LCD_Ports_Init                   0x00001d99   Thumb Code   226  edubase_lcd.o(.text.EduBase_LCD_Ports_Init)
    EduBase_LCD_Pulse_Enable                 0x00001e7d   Thumb Code    60  edubase_lcd.o(.text.EduBase_LCD_Pulse_Enable)
    EduBase_LCD_Return_Home                  0x00001eb9   Thumb Code    10  edubase_lcd.o(.text.EduBase_LCD_Return_Home)
    EduBase_LCD_Send_Command                 0x00001ec5   Thumb Code    70  edubase_lcd.o(.text.EduBase_LCD_Send_Command)
    EduBase_LCD_Send_Data                    0x00001f0d   Thumb Code    42  edubase_lcd.o(.text.EduBase_LCD_Send_Data)
    EduBase_LCD_Set_Cursor                   0x00001f39   Thumb Code    80  edubase_lcd.o(.text.EduBase_LCD_Set_Cursor)
    EduBase_LCD_Write_4_Bits                 0x00001f89   Thumb Code   114  edubase_lcd.o(.text.EduBase_LCD_Write_4_Bits)
    EduBase_LEDs_Init                        0x00001ffd   Thumb Code    82  gpio.o(.text.EduBase_LEDs_Init)
    EduBase_LEDs_Output                      0x00002051   Thumb Code    32  gpio.o(.text.EduBase_LEDs_Output)
    GPIOD_Handler                            0x00002071   Thumb Code   208  buttons.o(.text.GPIOD_Handler)
    SysTick_Delay1ms                         0x00002141   Thumb Code    70  systick_delay.o(.text.SysTick_Delay1ms)
    SysTick_Delay1us                         0x00002189   Thumb Code    68  systick_delay.o(.text.SysTick_Delay1us)
    SysTick_Delay_Init                       0x000021cd   Thumb Code    42  systick_delay.o(.text.SysTick_Delay_Init)
    SystemInit                               0x000021f9   Thumb Code   268  system_tm4c123.o(.text.SystemInit)
    TIMER0A_Handler                          0x00002305   Thumb Code    18  timer.o(.text.TIMER0A_Handler)
    Timer0A_Init_1Hz                         0x00002319   Thumb Code   104  timer.o(.text.Timer0A_Init_1Hz)
    main                                     0x000023e1   Thumb Code  1280  main.o(.text.main)
    _btod_d2e                                0x000028e9   Thumb Code    62  btod.o(CL$$btod_d2e)
    _d2e_denorm_low                          0x00002927   Thumb Code    70  btod.o(CL$$btod_d2e_denorm_low)
    _d2e_norm_op1                            0x0000296d   Thumb Code    96  btod.o(CL$$btod_d2e_norm_op1)
    __btod_div_common                        0x000029cd   Thumb Code   696  btod.o(CL$$btod_div_common)
    _e2e                                     0x00002d05   Thumb Code   220  btod.o(CL$$btod_e2e)
    _btod_ediv                               0x00002de1   Thumb Code    42  btod.o(CL$$btod_ediv)
    _btod_emul                               0x00002e0b   Thumb Code    42  btod.o(CL$$btod_emul)
    __btod_mult_common                       0x00002e35   Thumb Code   580  btod.o(CL$$btod_mult_common)
    __ARM_fpclassify                         0x00003079   Thumb Code    48  fpclassify.o(i.__ARM_fpclassify)
    _is_digit                                0x000030a9   Thumb Code    14  __printf_wp.o(i._is_digit)
    _get_lc_numeric                          0x000030b9   Thumb Code    44  lc_numeric_c.o(locale$$code)
    _get_lc_ctype                            0x000030e5   Thumb Code    44  lc_ctype_c.o(locale$$code)
    __fpl_dcmp_Inf                           0x00003111   Thumb Code    24  dcmpi.o(x$fpl$dcmpinf)
    __aeabi_ddiv                             0x00003129   Thumb Code     0  ddiv.o(x$fpl$ddiv)
    _ddiv                                    0x00003129   Thumb Code   560  ddiv.o(x$fpl$ddiv)
    __aeabi_cdcmpeq                          0x000033e1   Thumb Code     0  deqf.o(x$fpl$deqf)
    _dcmpeq                                  0x000033e1   Thumb Code   120  deqf.o(x$fpl$deqf)
    __aeabi_ui2d                             0x00003459   Thumb Code     0  dflt_clz.o(x$fpl$dfltu)
    _dfltu                                   0x00003459   Thumb Code    38  dflt_clz.o(x$fpl$dfltu)
    __aeabi_cdcmpge                          0x00003481   Thumb Code     0  dgeqf.o(x$fpl$dgeqf)
    _dcmpge                                  0x00003481   Thumb Code   120  dgeqf.o(x$fpl$dgeqf)
    __aeabi_cdcmple                          0x000034f9   Thumb Code     0  dleqf.o(x$fpl$dleqf)
    _dcmple                                  0x000034f9   Thumb Code   120  dleqf.o(x$fpl$dleqf)
    __fpl_dcmple_InfNaN                      0x0000355b   Thumb Code     0  dleqf.o(x$fpl$dleqf)
    __aeabi_dmul                             0x00003571   Thumb Code     0  dmul.o(x$fpl$dmul)
    _dmul                                    0x00003571   Thumb Code   332  dmul.o(x$fpl$dmul)
    __fpl_dnaninf                            0x000036c5   Thumb Code   156  dnaninf.o(x$fpl$dnaninf)
    __fpl_dretinf                            0x00003761   Thumb Code    12  dretinf.o(x$fpl$dretinf)
    __aeabi_dcmpeq                           0x0000376d   Thumb Code     0  dcmp.o(x$fpl$fcmp)
    _deq                                     0x0000376d   Thumb Code    14  dcmp.o(x$fpl$fcmp)
    _dneq                                    0x0000377b   Thumb Code    14  dcmp.o(x$fpl$fcmp)
    __aeabi_dcmpgt                           0x00003789   Thumb Code     0  dcmp.o(x$fpl$fcmp)
    _dgr                                     0x00003789   Thumb Code    14  dcmp.o(x$fpl$fcmp)
    __aeabi_dcmpge                           0x00003797   Thumb Code     0  dcmp.o(x$fpl$fcmp)
    _dgeq                                    0x00003797   Thumb Code    14  dcmp.o(x$fpl$fcmp)
    __aeabi_dcmple                           0x000037a5   Thumb Code     0  dcmp.o(x$fpl$fcmp)
    _dleq                                    0x000037a5   Thumb Code    14  dcmp.o(x$fpl$fcmp)
    __aeabi_dcmplt                           0x000037b3   Thumb Code     0  dcmp.o(x$fpl$fcmp)
    _dls                                     0x000037b3   Thumb Code    14  dcmp.o(x$fpl$fcmp)
    _fp_init                                 0x000037c1   Thumb Code    26  fpinit.o(x$fpl$fpinit)
    __fplib_config_fpu_vfp                   0x000037d9   Thumb Code     0  fpinit.o(x$fpl$fpinit)
    __fplib_config_pureend_doubles           0x000037d9   Thumb Code     0  fpinit.o(x$fpl$fpinit)
    _printf_fp_dec                           0x000037db   Thumb Code     4  printf1.o(x$fpl$printf1)
    _printf_fp_hex                           0x000037df   Thumb Code     4  printf2.o(x$fpl$printf2)
    __I$use$fp                               0x000037e2   Number         0  usenofp.o(x$fpl$usenofp)
    Region$$Table$$Base                      0x00003988   Number         0  anon$$obj.o(Region$$Table)
    Region$$Table$$Limit                     0x000039a8   Number         0  anon$$obj.o(Region$$Table)
    __ctype                                  0x000039d1   Data           0  lc_ctype_c.o(locale$$data)
    snooze_countdown                         0x20000004   Data           4  main.o(.data.snooze_countdown)
    time_set_mode                            0x20000008   Data           4  main.o(.data.time_set_mode)
    __libspace_start                         0x20000010   Data          96  libspace.o(.bss)
    __temporary_stack_top$libspace           0x20000070   Data           0  libspace.o(.bss)
    alarm_hour                               0x200000b4   Data           4  clock.o(.bss.alarm_hour)
    alarm_minute                             0x200000b8   Data           4  clock.o(.bss.alarm_minute)
    alarm_second                             0x200000bc   Data           4  clock.o(.bss.alarm_second)
    alarm_triggered_flag                     0x200000c0   Data           4  main.o(.bss.alarm_triggered_flag)
    led_flash_timer                          0x200000d0   Data           4  main.o(.bss.led_flash_timer)
    snooze_mode                              0x200000dc   Data           4  main.o(.bss.snooze_mode)
    temp_hour                                0x200000e0   Data           4  main.o(.bss.temp_hour)
    temp_minute                              0x200000e4   Data           4  main.o(.bss.temp_minute)
    update_display_flag                      0x200000e8   Data           4  clock.o(.bss.update_display_flag)



==============================================================================

Memory Map of the image

  Image Entry point : 0x000003e5

  Load Region LR_1 (Base: 0x00000000, Size: 0x00003ae0, Max: 0xffffffff, ABSOLUTE)

    Execution Region ER_RO (Exec base: 0x00000000, Load base: 0x00000000, Size: 0x00003ad4, Max: 0xffffffff, ABSOLUTE)

    Exec Addr    Load Addr    Size         Type   Attr      Idx    E Section Name        Object

    0x00000000   0x00000000   0x0000026c   Data   RO          230    RESET               startup_tm4c123.o
    0x0000026c   0x0000026c   0x00000008   Code   RO          259  * !!!main             c_w.l(__main.o)
    0x00000274   0x00000274   0x0000005c   Code   RO          626    !!!scatter          c_w.l(__scatter.o)
    0x000002d0   0x000002d0   0x0000001a   Code   RO          630    !!handler_copy      c_w.l(__scatter_copy.o)
    0x000002ea   0x000002ea   0x00000002   PAD
    0x000002ec   0x000002ec   0x00000002   Code   RO          627    !!handler_null      c_w.l(__scatter.o)
    0x000002ee   0x000002ee   0x00000002   PAD
    0x000002f0   0x000002f0   0x0000001c   Code   RO          632    !!handler_zi        c_w.l(__scatter_zi.o)
    0x0000030c   0x0000030c   0x00000000   Code   RO          361    .ARM.Collect$$_printf_percent$$00000000  c_w.l(_printf_percent.o)
    0x0000030c   0x0000030c   0x00000006   Code   RO          350    .ARM.Collect$$_printf_percent$$00000001  c_w.l(_printf_n.o)
    0x00000312   0x00000312   0x00000006   Code   RO          352    .ARM.Collect$$_printf_percent$$00000002  c_w.l(_printf_p.o)
    0x00000318   0x00000318   0x00000006   Code   RO          357    .ARM.Collect$$_printf_percent$$00000003  c_w.l(_printf_f.o)
    0x0000031e   0x0000031e   0x00000006   Code   RO          358    .ARM.Collect$$_printf_percent$$00000004  c_w.l(_printf_e.o)
    0x00000324   0x00000324   0x00000006   Code   RO          359    .ARM.Collect$$_printf_percent$$00000005  c_w.l(_printf_g.o)
    0x0000032a   0x0000032a   0x00000006   Code   RO          360    .ARM.Collect$$_printf_percent$$00000006  c_w.l(_printf_a.o)
    0x00000330   0x00000330   0x0000000a   Code   RO          365    .ARM.Collect$$_printf_percent$$00000007  c_w.l(_printf_ll.o)
    0x0000033a   0x0000033a   0x00000006   Code   RO          354    .ARM.Collect$$_printf_percent$$00000008  c_w.l(_printf_i.o)
    0x00000340   0x00000340   0x00000006   Code   RO          355    .ARM.Collect$$_printf_percent$$00000009  c_w.l(_printf_d.o)
    0x00000346   0x00000346   0x00000006   Code   RO          356    .ARM.Collect$$_printf_percent$$0000000A  c_w.l(_printf_u.o)
    0x0000034c   0x0000034c   0x00000006   Code   RO          353    .ARM.Collect$$_printf_percent$$0000000B  c_w.l(_printf_o.o)
    0x00000352   0x00000352   0x00000006   Code   RO          351    .ARM.Collect$$_printf_percent$$0000000C  c_w.l(_printf_x.o)
    0x00000358   0x00000358   0x00000006   Code   RO          362    .ARM.Collect$$_printf_percent$$0000000D  c_w.l(_printf_lli.o)
    0x0000035e   0x0000035e   0x00000006   Code   RO          363    .ARM.Collect$$_printf_percent$$0000000E  c_w.l(_printf_lld.o)
    0x00000364   0x00000364   0x00000006   Code   RO          364    .ARM.Collect$$_printf_percent$$0000000F  c_w.l(_printf_llu.o)
    0x0000036a   0x0000036a   0x00000006   Code   RO          369    .ARM.Collect$$_printf_percent$$00000010  c_w.l(_printf_llo.o)
    0x00000370   0x00000370   0x00000006   Code   RO          370    .ARM.Collect$$_printf_percent$$00000011  c_w.l(_printf_llx.o)
    0x00000376   0x00000376   0x0000000a   Code   RO          366    .ARM.Collect$$_printf_percent$$00000012  c_w.l(_printf_l.o)
    0x00000380   0x00000380   0x00000006   Code   RO          348    .ARM.Collect$$_printf_percent$$00000013  c_w.l(_printf_c.o)
    0x00000386   0x00000386   0x00000006   Code   RO          349    .ARM.Collect$$_printf_percent$$00000014  c_w.l(_printf_s.o)
    0x0000038c   0x0000038c   0x00000006   Code   RO          367    .ARM.Collect$$_printf_percent$$00000015  c_w.l(_printf_lc.o)
    0x00000392   0x00000392   0x00000006   Code   RO          368    .ARM.Collect$$_printf_percent$$00000016  c_w.l(_printf_ls.o)
    0x00000398   0x00000398   0x00000004   Code   RO          422    .ARM.Collect$$_printf_percent$$00000017  c_w.l(_printf_percent_end.o)
    0x0000039c   0x0000039c   0x00000002   Code   RO          475    .ARM.Collect$$libinit$$00000000  c_w.l(libinit.o)
    0x0000039e   0x0000039e   0x00000004   Code   RO          492    .ARM.Collect$$libinit$$00000001  c_w.l(libinit2.o)
    0x000003a2   0x000003a2   0x00000000   Code   RO          495    .ARM.Collect$$libinit$$00000004  c_w.l(libinit2.o)
    0x000003a2   0x000003a2   0x00000000   Code   RO          497    .ARM.Collect$$libinit$$00000006  c_w.l(libinit2.o)
    0x000003a2   0x000003a2   0x00000000   Code   RO          500    .ARM.Collect$$libinit$$0000000C  c_w.l(libinit2.o)
    0x000003a2   0x000003a2   0x00000000   Code   RO          502    .ARM.Collect$$libinit$$0000000E  c_w.l(libinit2.o)
    0x000003a2   0x000003a2   0x00000000   Code   RO          504    .ARM.Collect$$libinit$$00000010  c_w.l(libinit2.o)
    0x000003a2   0x000003a2   0x00000006   Code   RO          505    .ARM.Collect$$libinit$$00000011  c_w.l(libinit2.o)
    0x000003a8   0x000003a8   0x00000000   Code   RO          507    .ARM.Collect$$libinit$$00000013  c_w.l(libinit2.o)
    0x000003a8   0x000003a8   0x0000000c   Code   RO          508    .ARM.Collect$$libinit$$00000014  c_w.l(libinit2.o)
    0x000003b4   0x000003b4   0x00000000   Code   RO          509    .ARM.Collect$$libinit$$00000015  c_w.l(libinit2.o)
    0x000003b4   0x000003b4   0x00000000   Code   RO          511    .ARM.Collect$$libinit$$00000017  c_w.l(libinit2.o)
    0x000003b4   0x000003b4   0x0000000a   Code   RO          512    .ARM.Collect$$libinit$$00000018  c_w.l(libinit2.o)
    0x000003be   0x000003be   0x00000000   Code   RO          513    .ARM.Collect$$libinit$$00000019  c_w.l(libinit2.o)
    0x000003be   0x000003be   0x00000000   Code   RO          515    .ARM.Collect$$libinit$$0000001B  c_w.l(libinit2.o)
    0x000003be   0x000003be   0x00000000   Code   RO          517    .ARM.Collect$$libinit$$0000001D  c_w.l(libinit2.o)
    0x000003be   0x000003be   0x00000000   Code   RO          519    .ARM.Collect$$libinit$$0000001F  c_w.l(libinit2.o)
    0x000003be   0x000003be   0x00000000   Code   RO          521    .ARM.Collect$$libinit$$00000021  c_w.l(libinit2.o)
    0x000003be   0x000003be   0x00000000   Code   RO          523    .ARM.Collect$$libinit$$00000023  c_w.l(libinit2.o)
    0x000003be   0x000003be   0x00000000   Code   RO          525    .ARM.Collect$$libinit$$00000025  c_w.l(libinit2.o)
    0x000003be   0x000003be   0x00000000   Code   RO          527    .ARM.Collect$$libinit$$00000027  c_w.l(libinit2.o)
    0x000003be   0x000003be   0x00000000   Code   RO          531    .ARM.Collect$$libinit$$0000002E  c_w.l(libinit2.o)
    0x000003be   0x000003be   0x00000000   Code   RO          533    .ARM.Collect$$libinit$$00000030  c_w.l(libinit2.o)
    0x000003be   0x000003be   0x00000000   Code   RO          535    .ARM.Collect$$libinit$$00000032  c_w.l(libinit2.o)
    0x000003be   0x000003be   0x00000000   Code   RO          537    .ARM.Collect$$libinit$$00000034  c_w.l(libinit2.o)
    0x000003be   0x000003be   0x00000002   Code   RO          538    .ARM.Collect$$libinit$$00000035  c_w.l(libinit2.o)
    0x000003c0   0x000003c0   0x00000002   Code   RO          562    .ARM.Collect$$libshutdown$$00000000  c_w.l(libshutdown.o)
    0x000003c2   0x000003c2   0x00000000   Code   RO          577    .ARM.Collect$$libshutdown$$00000002  c_w.l(libshutdown2.o)
    0x000003c2   0x000003c2   0x00000000   Code   RO          579    .ARM.Collect$$libshutdown$$00000004  c_w.l(libshutdown2.o)
    0x000003c2   0x000003c2   0x00000000   Code   RO          582    .ARM.Collect$$libshutdown$$00000007  c_w.l(libshutdown2.o)
    0x000003c2   0x000003c2   0x00000000   Code   RO          585    .ARM.Collect$$libshutdown$$0000000A  c_w.l(libshutdown2.o)
    0x000003c2   0x000003c2   0x00000000   Code   RO          587    .ARM.Collect$$libshutdown$$0000000C  c_w.l(libshutdown2.o)
    0x000003c2   0x000003c2   0x00000000   Code   RO          590    .ARM.Collect$$libshutdown$$0000000F  c_w.l(libshutdown2.o)
    0x000003c2   0x000003c2   0x00000002   Code   RO          591    .ARM.Collect$$libshutdown$$00000010  c_w.l(libshutdown2.o)
    0x000003c4   0x000003c4   0x00000000   Code   RO          279    .ARM.Collect$$rtentry$$00000000  c_w.l(__rtentry.o)
    0x000003c4   0x000003c4   0x00000000   Code   RO          391    .ARM.Collect$$rtentry$$00000002  c_w.l(__rtentry2.o)
    0x000003c4   0x000003c4   0x00000006   Code   RO          403    .ARM.Collect$$rtentry$$00000004  c_w.l(__rtentry4.o)
    0x000003ca   0x000003ca   0x00000000   Code   RO          393    .ARM.Collect$$rtentry$$00000009  c_w.l(__rtentry2.o)
    0x000003ca   0x000003ca   0x00000004   Code   RO          394    .ARM.Collect$$rtentry$$0000000A  c_w.l(__rtentry2.o)
    0x000003ce   0x000003ce   0x00000000   Code   RO          396    .ARM.Collect$$rtentry$$0000000C  c_w.l(__rtentry2.o)
    0x000003ce   0x000003ce   0x00000008   Code   RO          397    .ARM.Collect$$rtentry$$0000000D  c_w.l(__rtentry2.o)
    0x000003d6   0x000003d6   0x00000002   Code   RO          483    .ARM.Collect$$rtexit$$00000000  c_w.l(rtexit.o)
    0x000003d8   0x000003d8   0x00000000   Code   RO          540    .ARM.Collect$$rtexit$$00000002  c_w.l(rtexit2.o)
    0x000003d8   0x000003d8   0x00000004   Code   RO          541    .ARM.Collect$$rtexit$$00000003  c_w.l(rtexit2.o)
    0x000003dc   0x000003dc   0x00000006   Code   RO          542    .ARM.Collect$$rtexit$$00000004  c_w.l(rtexit2.o)
    0x000003e2   0x000003e2   0x00000002   PAD
    0x000003e4   0x000003e4   0x00000114   Code   RO          231  * .text               startup_tm4c123.o
    0x000004f8   0x000004f8   0x0000002c   Code   RO          253    .text               c_w.l(sprintf.o)
    0x00000524   0x00000524   0x0000003e   Code   RO          255    .text               c_w.l(strlen.o)
    0x00000562   0x00000562   0x00000006   Code   RO          257    .text               c_w.l(heapauxi.o)
    0x00000568   0x00000568   0x0000004e   Code   RO          282    .text               c_w.l(_printf_pad.o)
    0x000005b6   0x000005b6   0x00000024   Code   RO          284    .text               c_w.l(_printf_truncate.o)
    0x000005da   0x000005da   0x00000052   Code   RO          286    .text               c_w.l(_printf_str.o)
    0x0000062c   0x0000062c   0x00000078   Code   RO          288    .text               c_w.l(_printf_dec.o)
    0x000006a4   0x000006a4   0x00000028   Code   RO          290    .text               c_w.l(_printf_charcount.o)
    0x000006cc   0x000006cc   0x00000030   Code   RO          292    .text               c_w.l(_printf_char_common.o)
    0x000006fc   0x000006fc   0x0000000a   Code   RO          294    .text               c_w.l(_sputc.o)
    0x00000706   0x00000706   0x00000002   PAD
    0x00000708   0x00000708   0x000000bc   Code   RO          296    .text               c_w.l(_printf_wctomb.o)
    0x000007c4   0x000007c4   0x0000007c   Code   RO          299    .text               c_w.l(_printf_longlong_dec.o)
    0x00000840   0x00000840   0x00000070   Code   RO          305    .text               c_w.l(_printf_oct_int_ll.o)
    0x000008b0   0x000008b0   0x00000094   Code   RO          325    .text               c_w.l(_printf_hex_int_ll_ptr.o)
    0x00000944   0x00000944   0x00000188   Code   RO          345    .text               c_w.l(__printf_flags_ss_wp.o)
    0x00000acc   0x00000acc   0x0000008a   Code   RO          405    .text               c_w.l(lludiv10.o)
    0x00000b56   0x00000b56   0x000000b2   Code   RO          407    .text               c_w.l(_printf_intcommon.o)
    0x00000c08   0x00000c08   0x0000041c   Code   RO          409    .text               c_w.l(_printf_fp_dec.o)
    0x00001024   0x00001024   0x000002fc   Code   RO          413    .text               c_w.l(_printf_fp_hex.o)
    0x00001320   0x00001320   0x0000002c   Code   RO          418    .text               c_w.l(_printf_char.o)
    0x0000134c   0x0000134c   0x0000002c   Code   RO          420    .text               c_w.l(_printf_wchar.o)
    0x00001378   0x00001378   0x00000048   Code   RO          423    .text               c_w.l(_c16rtomb.o)
    0x000013c0   0x000013c0   0x0000004a   Code   RO          427    .text               c_w.l(sys_stackheap_outer.o)
    0x0000140a   0x0000140a   0x00000002   PAD
    0x0000140c   0x0000140c   0x00000010   Code   RO          429    .text               c_w.l(rt_ctype_table.o)
    0x0000141c   0x0000141c   0x00000008   Code   RO          434    .text               c_w.l(rt_locale_intlibspace.o)
    0x00001424   0x00001424   0x00000080   Code   RO          436    .text               c_w.l(_printf_fp_infnan.o)
    0x000014a4   0x000014a4   0x000000e4   Code   RO          438    .text               c_w.l(bigflt0.o)
    0x00001588   0x00001588   0x00000012   Code   RO          468    .text               c_w.l(exit.o)
    0x0000159a   0x0000159a   0x00000002   PAD
    0x0000159c   0x0000159c   0x00000008   Code   RO          480    .text               c_w.l(libspace.o)
    0x000015a4   0x000015a4   0x00000004   PAD
    0x000015a8   0x000015a8   0x0000007c   Code   RO          490    .text               c_w.l(strcmpv7em.o)
    0x00001624   0x00001624   0x0000000c   Code   RO          552    .text               c_w.l(sys_exit.o)
    0x00001630   0x00001630   0x00000002   Code   RO          567    .text               c_w.l(use_no_semi.o)
    0x00001632   0x00001632   0x00000000   Code   RO          569    .text               c_w.l(indicate_semi.o)
    0x00001632   0x00001632   0x00000002   PAD
    0x00001634   0x00001634   0x000000c0   Code   RO          216    .text.ADC_Init      adc.o
    0x000016f4   0x000016f4   0x00000004   PAD
    0x000016f8   0x000016f8   0x00000090   Code   RO          218    .text.ADC_Sample    adc.o
    0x00001788   0x00001788   0x0000002a   Code   RO           38    .text.Alarm_Add_Minute  clock.o
    0x000017b2   0x000017b2   0x00000002   PAD
    0x000017b4   0x000017b4   0x0000008a   Code   RO          201    .text.Alarm_Init    alarm.o
    0x0000183e   0x0000183e   0x00000002   PAD
    0x00001840   0x00001840   0x00000022   Code   RO          205    .text.Alarm_Off     alarm.o
    0x00001862   0x00001862   0x00000002   PAD
    0x00001864   0x00001864   0x00000088   Code   RO          203    .text.Alarm_On      alarm.o
    0x000018ec   0x000018ec   0x0000001c   Code   RO           82    .text.Button_GetEvent  buttons.o
    0x00001908   0x00001908   0x00000012   Code   RO           80    .text.Button_HasEvent  buttons.o
    0x0000191a   0x0000191a   0x00000002   PAD
    0x0000191c   0x0000191c   0x000000ae   Code   RO           74    .text.Buttons_Init  buttons.o
    0x000019ca   0x000019ca   0x00000002   PAD
    0x000019cc   0x000019cc   0x0000000c   Code   RO           44    .text.Clock_Alarm_Is_Enabled  clock.o
    0x000019d8   0x000019d8   0x000000aa   Code   RO           28    .text.Clock_Check_Alarm  clock.o
    0x00001a82   0x00001a82   0x00000002   PAD
    0x00001a84   0x00001a84   0x0000000c   Code   RO           30    .text.Clock_Get_Hour  clock.o
    0x00001a90   0x00001a90   0x0000000c   Code   RO           32    .text.Clock_Get_Minute  clock.o
    0x00001a9c   0x00001a9c   0x0000000c   Code   RO           34    .text.Clock_Get_Second  clock.o
    0x00001aa8   0x00001aa8   0x0000002e   Code   RO           22    .text.Clock_Init    clock.o
    0x00001ad6   0x00001ad6   0x00000002   PAD
    0x00001ad8   0x00001ad8   0x00000082   Code   RO           24    .text.Clock_Set_Time  clock.o
    0x00001b5a   0x00001b5a   0x00000002   PAD
    0x00001b5c   0x00001b5c   0x00000090   Code   RO           26    .text.Clock_Tick    clock.o
    0x00001bec   0x00001bec   0x00000012   Code   RO           42    .text.Clock_Toggle_Alarm  clock.o
    0x00001bfe   0x00001bfe   0x00000002   PAD
    0x00001c00   0x00001c00   0x0000003a   Code   RO           62    .text.Display_Init  display.o
    0x00001c3a   0x00001c3a   0x00000002   PAD
    0x00001c3c   0x00001c3c   0x00000050   Code   RO           64    .text.Display_UpdateTime  display.o
    0x00001c8c   0x00001c8c   0x0000000a   Code   RO          134    .text.EduBase_LCD_Clear_Display  edubase_lcd.o
    0x00001c96   0x00001c96   0x00000002   PAD
    0x00001c98   0x00001c98   0x0000001e   Code   RO          138    .text.EduBase_LCD_Disable_Cursor  edubase_lcd.o
    0x00001cb6   0x00001cb6   0x00000002   PAD
    0x00001cb8   0x00001cb8   0x0000001e   Code   RO          136    .text.EduBase_LCD_Disable_Cursor_Blink  edubase_lcd.o
    0x00001cd6   0x00001cd6   0x00000002   PAD
    0x00001cd8   0x00001cd8   0x00000038   Code   RO          158    .text.EduBase_LCD_Display_String  edubase_lcd.o
    0x00001d10   0x00001d10   0x0000001e   Code   RO          130    .text.EduBase_LCD_Enable_Display  edubase_lcd.o
    0x00001d2e   0x00001d2e   0x00000002   PAD
    0x00001d30   0x00001d30   0x00000068   Code   RO          128    .text.EduBase_LCD_Init  edubase_lcd.o
    0x00001d98   0x00001d98   0x000000e2   Code   RO          118    .text.EduBase_LCD_Ports_Init  edubase_lcd.o
    0x00001e7a   0x00001e7a   0x00000002   PAD
    0x00001e7c   0x00001e7c   0x0000003c   Code   RO          120    .text.EduBase_LCD_Pulse_Enable  edubase_lcd.o
    0x00001eb8   0x00001eb8   0x0000000a   Code   RO          132    .text.EduBase_LCD_Return_Home  edubase_lcd.o
    0x00001ec2   0x00001ec2   0x00000002   PAD
    0x00001ec4   0x00001ec4   0x00000046   Code   RO          124    .text.EduBase_LCD_Send_Command  edubase_lcd.o
    0x00001f0a   0x00001f0a   0x00000002   PAD
    0x00001f0c   0x00001f0c   0x0000002a   Code   RO          126    .text.EduBase_LCD_Send_Data  edubase_lcd.o
    0x00001f36   0x00001f36   0x00000002   PAD
    0x00001f38   0x00001f38   0x00000050   Code   RO          140    .text.EduBase_LCD_Set_Cursor  edubase_lcd.o
    0x00001f88   0x00001f88   0x00000072   Code   RO          122    .text.EduBase_LCD_Write_4_Bits  edubase_lcd.o
    0x00001ffa   0x00001ffa   0x00000002   PAD
    0x00001ffc   0x00001ffc   0x00000052   Code   RO          180    .text.EduBase_LEDs_Init  gpio.o
    0x0000204e   0x0000204e   0x00000002   PAD
    0x00002050   0x00002050   0x00000020   Code   RO          182    .text.EduBase_LEDs_Output  gpio.o
    0x00002070   0x00002070   0x000000d0   Code   RO           78    .text.GPIOD_Handler  buttons.o
    0x00002140   0x00002140   0x00000046   Code   RO          107    .text.SysTick_Delay1ms  systick_delay.o
    0x00002186   0x00002186   0x00000002   PAD
    0x00002188   0x00002188   0x00000044   Code   RO          109    .text.SysTick_Delay1us  systick_delay.o
    0x000021cc   0x000021cc   0x0000002a   Code   RO          105    .text.SysTick_Delay_Init  systick_delay.o
    0x000021f6   0x000021f6   0x00000002   PAD
    0x000021f8   0x000021f8   0x0000010c   Code   RO          242    .text.SystemInit    system_tm4c123.o
    0x00002304   0x00002304   0x00000012   Code   RO           96    .text.TIMER0A_Handler  timer.o
    0x00002316   0x00002316   0x00000002   PAD
    0x00002318   0x00002318   0x00000068   Code   RO           92    .text.Timer0A_Init_1Hz  timer.o
    0x00002380   0x00002380   0x00000030   Code   RO           76    .text.__NVIC_EnableIRQ  buttons.o
    0x000023b0   0x000023b0   0x00000030   Code   RO           94    .text.__NVIC_EnableIRQ  timer.o
    0x000023e0   0x000023e0   0x00000508   Code   RO            2    .text.main          main.o
    0x000028e8   0x000028e8   0x0000003e   Code   RO          441    CL$$btod_d2e        c_w.l(btod.o)
    0x00002926   0x00002926   0x00000046   Code   RO          443    CL$$btod_d2e_denorm_low  c_w.l(btod.o)
    0x0000296c   0x0000296c   0x00000060   Code   RO          442    CL$$btod_d2e_norm_op1  c_w.l(btod.o)
    0x000029cc   0x000029cc   0x00000338   Code   RO          451    CL$$btod_div_common  c_w.l(btod.o)
    0x00002d04   0x00002d04   0x000000dc   Code   RO          448    CL$$btod_e2e        c_w.l(btod.o)
    0x00002de0   0x00002de0   0x0000002a   Code   RO          445    CL$$btod_ediv       c_w.l(btod.o)
    0x00002e0a   0x00002e0a   0x0000002a   Code   RO          444    CL$$btod_emul       c_w.l(btod.o)
    0x00002e34   0x00002e34   0x00000244   Code   RO          450    CL$$btod_mult_common  c_w.l(btod.o)
    0x00003078   0x00003078   0x00000030   Code   RO          478    i.__ARM_fpclassify  m_wm.l(fpclassify.o)
    0x000030a8   0x000030a8   0x0000000e   Code   RO          338    i._is_digit         c_w.l(__printf_wp.o)
    0x000030b6   0x000030b6   0x00000002   PAD
    0x000030b8   0x000030b8   0x0000002c   Code   RO          466    locale$$code        c_w.l(lc_numeric_c.o)
    0x000030e4   0x000030e4   0x0000002c   Code   RO          488    locale$$code        c_w.l(lc_ctype_c.o)
    0x00003110   0x00003110   0x00000018   Code   RO          425    x$fpl$dcmpinf       fz_wm.l(dcmpi.o)
    0x00003128   0x00003128   0x000002b8   Code   RO          264    x$fpl$ddiv          fz_wm.l(ddiv.o)
    0x000033e0   0x000033e0   0x00000078   Code   RO          371    x$fpl$deqf          fz_wm.l(deqf.o)
    0x00003458   0x00003458   0x00000026   Code   RO          271    x$fpl$dfltu         fz_wm.l(dflt_clz.o)
    0x0000347e   0x0000347e   0x00000002   PAD
    0x00003480   0x00003480   0x00000078   Code   RO          373    x$fpl$dgeqf         fz_wm.l(dgeqf.o)
    0x000034f8   0x000034f8   0x00000078   Code   RO          375    x$fpl$dleqf         fz_wm.l(dleqf.o)
    0x00003570   0x00003570   0x00000154   Code   RO          277    x$fpl$dmul          fz_wm.l(dmul.o)
    0x000036c4   0x000036c4   0x0000009c   Code   RO          377    x$fpl$dnaninf       fz_wm.l(dnaninf.o)
    0x00003760   0x00003760   0x0000000c   Code   RO          379    x$fpl$dretinf       fz_wm.l(dretinf.o)
    0x0000376c   0x0000376c   0x00000054   Code   RO          261    x$fpl$fcmp          fz_wm.l(dcmp.o)
    0x000037c0   0x000037c0   0x0000001a   Code   RO          550    x$fpl$fpinit        fz_wm.l(fpinit.o)
    0x000037da   0x000037da   0x00000004   Code   RO          381    x$fpl$printf1       fz_wm.l(printf1.o)
    0x000037de   0x000037de   0x00000004   Code   RO          383    x$fpl$printf2       fz_wm.l(printf2.o)
    0x000037e2   0x000037e2   0x00000000   Code   RO          389    x$fpl$usenofp       fz_wm.l(usenofp.o)
    0x000037e2   0x000037e2   0x00000002   PAD
    0x000037e4   0x000037e4   0x00000008   Data   RO          297    .constdata          c_w.l(_printf_wctomb.o)
    0x000037ec   0x000037ec   0x00000028   Data   RO          326    .constdata          c_w.l(_printf_hex_int_ll_ptr.o)
    0x00003814   0x00003814   0x00000011   Data   RO          346    .constdata          c_w.l(__printf_flags_ss_wp.o)
    0x00003825   0x00003825   0x00000026   Data   RO          414    .constdata          c_w.l(_printf_fp_hex.o)
    0x0000384b   0x0000384b   0x00000001   PAD
    0x0000384c   0x0000384c   0x00000094   Data   RO          439    .constdata          c_w.l(bigflt0.o)
    0x000038e0   0x000038e0   0x0000008a   Data   RO           12    .rodata.str1.1      main.o
    0x0000396a   0x0000396a   0x0000001d   Data   RO           66    .rodata.str1.1      display.o
    0x00003987   0x00003987   0x00000001   PAD
    0x00003988   0x00003988   0x00000020   Data   RO          625    Region$$Table       anon$$obj.o
    0x000039a8   0x000039a8   0x0000001c   Data   RO          465    locale$$data        c_w.l(lc_numeric_c.o)
    0x000039c4   0x000039c4   0x00000110   Data   RO          487    locale$$data        c_w.l(lc_ctype_c.o)


    Execution Region ER_RW (Exec base: 0x20000000, Load base: 0x00003ad4, Size: 0x0000000c, Max: 0xffffffff, ABSOLUTE)

    Exec Addr    Load Addr    Size         Type   Attr      Idx    E Section Name        Object

    0x20000000   0x00003ad4   0x00000004   Data   RW           53    .data.alarm_enabled  clock.o
    0x20000004   0x00003ad8   0x00000004   Data   RW           11    .data.snooze_countdown  main.o
    0x20000008   0x00003adc   0x00000004   Data   RW            4    .data.time_set_mode  main.o


    Execution Region ER_ZI (Exec base: 0x20000010, Load base: 0x00003ae0, Size: 0x000002e0, Max: 0xffffffff, ABSOLUTE)

    Exec Addr    Load Addr    Size         Type   Attr      Idx    E Section Name        Object

    0x20000010        -       0x00000060   Zero   RW          481    .bss                c_w.l(libspace.o)
    0x20000070        -       0x00000040   Zero   RW           14    .bss.adc_buffer     main.o
    0x200000b0        -       0x00000004   Zero   RW           54    .bss.alarm_active_counter  clock.o
    0x200000b4        -       0x00000004   Zero   RW           46    .bss.alarm_hour     clock.o
    0x200000b8        -       0x00000004   Zero   RW           47    .bss.alarm_minute   clock.o
    0x200000bc        -       0x00000004   Zero   RW           48    .bss.alarm_second   clock.o
    0x200000c0        -       0x00000004   Zero   RW            8    .bss.alarm_triggered_flag  main.o
    0x200000c4        -       0x00000001   Zero   RW           84    .bss.current_event  buttons.o
    0x200000c5        -       0x00000001   Zero   RW          164    .bss.display_control  edubase_lcd.o
    0x200000c6   0x00003ae0   0x00000002   PAD
    0x200000c8        -       0x00000004   Zero   RW           50    .bss.hour           clock.o
    0x200000cc        -       0x00000004   Zero   RW           13    .bss.lcd_message_timer  main.o
    0x200000d0        -       0x00000004   Zero   RW           10    .bss.led_flash_timer  main.o
    0x200000d4        -       0x00000004   Zero   RW           51    .bss.minute         clock.o
    0x200000d8        -       0x00000004   Zero   RW           52    .bss.second         clock.o
    0x200000dc        -       0x00000004   Zero   RW            9    .bss.snooze_mode    main.o
    0x200000e0        -       0x00000004   Zero   RW            5    .bss.temp_hour      main.o
    0x200000e4        -       0x00000004   Zero   RW            6    .bss.temp_minute    main.o
    0x200000e8        -       0x00000004   Zero   RW           49    .bss.update_display_flag  clock.o
    0x200000ec   0x00003ae0   0x00000004   PAD
    0x200000f0        -       0x00000000   Zero   RW          229    HEAP                startup_tm4c123.o
    0x200000f0        -       0x00000200   Zero   RW          228    STACK               startup_tm4c123.o


==============================================================================

Image component sizes


      Code (inc. data)   RO Data    RW Data    ZI Data      Debug   Object Name

       336         16          0          0          0       7335   adc.o
       308          0          0          0          0       5735   alarm.o
       476          0          0          0          1       8572   buttons.o
       598          0          0          4         32       1903   clock.o
       138          0         29          0          0        791   display.o
       862          0          0          0          1       9831   edubase_lcd.o
       114          0          0          0          0       6477   gpio.o
      1288          8        138          8         88       1978   main.o
       276         24        620          0        512       5480   startup_tm4c123.o
       268          0          0          0          0       6744   system_tm4c123.o
       180          0          0          0          0       1059   systick_delay.o
       170          0          0          0          0       7953   timer.o

    ----------------------------------------------------------------------
      5064         48        820         12        640      63858   Object Totals
         0          0         32          0          0          0   (incl. Generated)
        50          0          1          0          6          0   (incl. Padding)

    ----------------------------------------------------------------------

      Code (inc. data)   RO Data    RW Data    ZI Data      Debug   Library Member Name

         8          0          0          0          0         68   __main.o
       392          4         17          0          0         92   __printf_flags_ss_wp.o
        14          0          0          0          0         68   __printf_wp.o
         0          0          0          0          0          0   __rtentry.o
        12          0          0          0          0          0   __rtentry2.o
         6          0          0          0          0          0   __rtentry4.o
        94          8          0          0          0          0   __scatter.o
        26          0          0          0          0          0   __scatter_copy.o
        28          0          0          0          0          0   __scatter_zi.o
        72          0          0          0          0         96   _c16rtomb.o
         6          0          0          0          0          0   _printf_a.o
         6          0          0          0          0          0   _printf_c.o
        44          0          0          0          0        108   _printf_char.o
        48          6          0          0          0         96   _printf_char_common.o
        40          0          0          0          0         68   _printf_charcount.o
         6          0          0          0          0          0   _printf_d.o
       120         16          0          0          0         92   _printf_dec.o
         6          0          0          0          0          0   _printf_e.o
         6          0          0          0          0          0   _printf_f.o
      1052          0          0          0          0        148   _printf_fp_dec.o
       764          8         38          0          0        100   _printf_fp_hex.o
       128         16          0          0          0         84   _printf_fp_infnan.o
         6          0          0          0          0          0   _printf_g.o
       148          4         40          0          0        160   _printf_hex_int_ll_ptr.o
         6          0          0          0          0          0   _printf_i.o
       178          0          0          0          0         88   _printf_intcommon.o
        10          0          0          0          0          0   _printf_l.o
         6          0          0          0          0          0   _printf_lc.o
        10          0          0          0          0          0   _printf_ll.o
         6          0          0          0          0          0   _printf_lld.o
         6          0          0          0          0          0   _printf_lli.o
         6          0          0          0          0          0   _printf_llo.o
         6          0          0          0          0          0   _printf_llu.o
         6          0          0          0          0          0   _printf_llx.o
       124         16          0          0          0         92   _printf_longlong_dec.o
         6          0          0          0          0          0   _printf_ls.o
         6          0          0          0          0          0   _printf_n.o
         6          0          0          0          0          0   _printf_o.o
       112          8          0          0          0        124   _printf_oct_int_ll.o
         6          0          0          0          0          0   _printf_p.o
        78          0          0          0          0        108   _printf_pad.o
         0          0          0          0          0          0   _printf_percent.o
         4          0          0          0          0          0   _printf_percent_end.o
         6          0          0          0          0          0   _printf_s.o
        82          0          0          0          0         80   _printf_str.o
        36          0          0          0          0         84   _printf_truncate.o
         6          0          0          0          0          0   _printf_u.o
        44          0          0          0          0        108   _printf_wchar.o
       188          6          8          0          0         92   _printf_wctomb.o
         6          0          0          0          0          0   _printf_x.o
        10          0          0          0          0         68   _sputc.o
       228          4        148          0          0         96   bigflt0.o
      1936        128          0          0          0        668   btod.o
        18          0          0          0          0         80   exit.o
         6          0          0          0          0        152   heapauxi.o
         0          0          0          0          0          0   indicate_semi.o
        44         10        272          0          0         76   lc_ctype_c.o
        44         10         28          0          0         76   lc_numeric_c.o
         2          0          0          0          0          0   libinit.o
        34          0          0          0          0          0   libinit2.o
         2          0          0          0          0          0   libshutdown.o
         2          0          0          0          0          0   libshutdown2.o
         8          4          0          0         96         68   libspace.o
       138          0          0          0          0         80   lludiv10.o
        16          4          0          0          0         76   rt_ctype_table.o
         8          4          0          0          0         68   rt_locale_intlibspace.o
         2          0          0          0          0          0   rtexit.o
        10          0          0          0          0          0   rtexit2.o
        44          6          0          0          0         84   sprintf.o
       124          0          0          0          0         88   strcmpv7em.o
        62          0          0          0          0         76   strlen.o
        12          4          0          0          0         68   sys_exit.o
        74          0          0          0          0         80   sys_stackheap_outer.o
         2          0          0          0          0         68   use_no_semi.o
        84          0          0          0          0        244   dcmp.o
        24          0          0          0          0        116   dcmpi.o
       696        140          0          0          0        264   ddiv.o
       120          4          0          0          0        140   deqf.o
        38          0          0          0          0        116   dflt_clz.o
       120          4          0          0          0        140   dgeqf.o
       120          4          0          0          0        140   dleqf.o
       340         12          0          0          0        152   dmul.o
       156          4          0          0          0        140   dnaninf.o
        12          0          0          0          0        116   dretinf.o
        26          0          0          0          0        116   fpinit.o
         4          0          0          0          0        116   printf1.o
         4          0          0          0          0        116   printf2.o
         0          0          0          0          0          0   usenofp.o
        48          0          0          0          0        124   fpclassify.o

    ----------------------------------------------------------------------
      8624        438        552          0         96       5968   Library Totals
        24          4          1          0          0          0   (incl. Padding)

    ----------------------------------------------------------------------

      Code (inc. data)   RO Data    RW Data    ZI Data      Debug   Library Name

      6808        266        551          0         96       3928   c_w.l
      1744        168          0          0          0       1916   fz_wm.l
        48          0          0          0          0        124   m_wm.l

    ----------------------------------------------------------------------
      8624        438        552          0         96       5968   Library Totals

    ----------------------------------------------------------------------

==============================================================================


      Code (inc. data)   RO Data    RW Data    ZI Data      Debug   

     13688        486       1372         12        736      66414   Grand Totals
     13688        486       1372         12        736      66414   ELF Image Totals
     13688        486       1372         12          0          0   ROM Totals

==============================================================================

    Total RO  Size (Code + RO Data)                15060 (  14.71kB)
    Total RW  Size (RW Data + ZI Data)               748 (   0.73kB)
    Total ROM Size (Code + RO Data + RW Data)      15072 (  14.72kB)

==============================================================================

